17:50:27 **** Incremental Build of configuration Debug for project uart_test_1 ****
make all 
make: Nothing to be done for `all'.
17:50:41 **** Incremental Build of configuration Debug for project app_cpu0 ****
make all 
make: Nothing to be done for `all'.
17:50:42 **** Incremental Build of configuration Debug for project app_production ****
make all 
make: Nothing to be done for `all'.
17:50:42 **** Incremental Build of configuration Debug for project fsbl ****
make all 
make: Nothing to be done for `all'.
17:50:42 **** Incremental Build of configuration Debug for project app_cpu1 ****
make all 
make: Nothing to be done for `all'.
17:50:42 **** Incremental Build of configuration Debug for project uart_test_1 ****
make all 
make: Nothing to be done for `all'.
17:50:43 **** Incremental Build of configuration Debug for project uart_test_2 ****
make all 
make: Nothing to be done for `all'.
17:59:35 **** Auto Build of configuration Debug for project uart_test_1 ****
make all 
Building file: ../src/uart_hello.c
Invoking: ARM gcc compiler
arm-xilinx-eabi-gcc -Wall -O0 -g3 -c -fmessage-length=0 -MT"src/uart_hello.o" -I../../uart_test_1_bsp/ps7_cortexa9_0/include -MMD -MP -MF"src/uart_hello.d" -MT"src/uart_hello.d" -o "src/uart_hello.o" "../src/uart_hello.c"
../src/uart_hello.c: In function 'UartPsEchoExample':
../src/uart_hello.c:198:5: error: unknown type name 'Convert'
     Convert the Capital letter to a small.
     ^
../src/uart_hello.c:198:17: error: expected '=', ',', ';', 'asm' or '__attribute__' before 'Capital'
     Convert the Capital letter to a small.
                 ^
../src/uart_hello.c:202:5: error: unknown type name 'Convert'
     Convert the small letter to a Capital.
     ^
../src/uart_hello.c:202:17: error: expected '=', ',', ';', 'asm' or '__attribute__' before 'small'
     Convert the small letter to a Capital.
                 ^
make: *** [src/uart_hello.o] Error 1
17:59:51 **** Auto Build of configuration Debug for project uart_test_1 ****
make all 
Building file: ../src/uart_hello.c
Invoking: ARM gcc compiler
arm-xilinx-eabi-gcc -Wall -O0 -g3 -c -fmessage-length=0 -MT"src/uart_hello.o" -I../../uart_test_1_bsp/ps7_cortexa9_0/include -MMD -MP -MF"src/uart_hello.d" -MT"src/uart_hello.d" -o "src/uart_hello.o" "../src/uart_hello.c"
Finished building: ../src/uart_hello.c
 
Building target: uart_test_1.elf
Invoking: ARM gcc linker
arm-xilinx-eabi-gcc -Wl,-T -Wl,../src/lscript.ld -L../../uart_test_1_bsp/ps7_cortexa9_0/lib -o "uart_test_1.elf"  ./src/uart_hello.o   -Wl,--start-group,-lxil,-lgcc,-lc,--end-group
Finished building target: uart_test_1.elf
 
Invoking: ARM Print Size
arm-xilinx-eabi-size uart_test_1.elf  |tee "uart_test_1.elf.size"
   text	   data	    bss	    dec	    hex	filename
  19900	   1152	  22580	  43632	   aa70	uart_test_1.elf
Finished building: uart_test_1.elf.size
 
18:00:04 **** Incremental Build of configuration Debug for project app_cpu0 ****
make all 
make: Nothing to be done for `all'.
18:00:04 **** Incremental Build of configuration Debug for project app_production ****
make all 
make: Nothing to be done for `all'.
18:00:04 **** Incremental Build of configuration Debug for project fsbl ****
make all 
make: Nothing to be done for `all'.
18:00:04 **** Incremental Build of configuration Debug for project app_cpu1 ****
make all 
make: Nothing to be done for `all'.
18:00:05 **** Incremental Build of configuration Debug for project uart_test_1 ****
make all 
make: Nothing to be done for `all'.
18:00:05 **** Incremental Build of configuration Debug for project uart_test_2 ****
make all 
make: Nothing to be done for `all'.
12:04:23 **** Incremental Build of configuration Debug for project app_cpu0 ****
make all 
make: Nothing to be done for `all'.
12:04:23 **** Incremental Build of configuration Debug for project app_production ****
make all 
make: Nothing to be done for `all'.
12:04:24 **** Incremental Build of configuration Debug for project fsbl ****
make all 
make: Nothing to be done for `all'.
12:04:24 **** Incremental Build of configuration Debug for project app_cpu1 ****
make all 
make: Nothing to be done for `all'.
12:04:24 **** Incremental Build of configuration Debug for project uart_test_1 ****
make all 
make: Nothing to be done for `all'.
12:04:24 **** Incremental Build of configuration Debug for project uart_test_2 ****
make all 
make: Nothing to be done for `all'.
12:23:25 **** Incremental Build of configuration Debug for project app_cpu0 ****
make all 
make: Nothing to be done for `all'.
12:23:25 **** Incremental Build of configuration Debug for project app_production ****
make all 
make: Nothing to be done for `all'.
12:23:25 **** Incremental Build of configuration Debug for project fsbl ****
make all 
make: Nothing to be done for `all'.
12:23:26 **** Incremental Build of configuration Debug for project app_cpu1 ****
make all 
make: Nothing to be done for `all'.
12:23:26 **** Incremental Build of configuration Debug for project uart_test_1 ****
make all 
make: Nothing to be done for `all'.
12:23:26 **** Incremental Build of configuration Debug for project uart_test_2 ****
make all 
make: Nothing to be done for `all'.
12:37:59 **** Incremental Build of configuration Debug for project app_cpu0 ****
make all 
make: Nothing to be done for `all'.
12:38:00 **** Incremental Build of configuration Debug for project app_production ****
make all 
make: Nothing to be done for `all'.
12:38:00 **** Incremental Build of configuration Debug for project fsbl ****
make all 
make: Nothing to be done for `all'.
12:38:00 **** Incremental Build of configuration Debug for project app_cpu1 ****
make all 
make: Nothing to be done for `all'.
12:38:00 **** Incremental Build of configuration Debug for project uart_test_1 ****
make all 
make: Nothing to be done for `all'.
12:38:01 **** Incremental Build of configuration Debug for project uart_test_2 ****
make all 
make: Nothing to be done for `all'.
12:40:58 **** Incremental Build of configuration Debug for project app_cpu0 ****
make all 
make: Nothing to be done for `all'.
12:40:58 **** Incremental Build of configuration Debug for project app_production ****
make all 
make: Nothing to be done for `all'.
12:40:58 **** Incremental Build of configuration Debug for project fsbl ****
make all 
make: Nothing to be done for `all'.
12:40:59 **** Incremental Build of configuration Debug for project app_cpu1 ****
make all 
make: Nothing to be done for `all'.
12:40:59 **** Incremental Build of configuration Debug for project uart_test_1 ****
make all 
make: Nothing to be done for `all'.
12:40:59 **** Incremental Build of configuration Debug for project uart_test_2 ****
make all 
make: Nothing to be done for `all'.
16:12:01 **** Auto Build of configuration Debug for project app_cpu0 ****
make all 
make: Nothing to be done for `all'.
16:12:01 **** Auto Build of configuration Debug for project app_production ****
make all 
make: Nothing to be done for `all'.
16:12:01 **** Auto Build of configuration Debug for project fsbl ****
make all 
Building file: ../src/fsbl_hooks.c
Invoking: ARM gcc compiler
arm-xilinx-eabi-gcc -Wall -O0 -g3 -I"/home/controls/Pallavi/Bare_AMP_Zed/hw_platform_0" -c -fmessage-length=0 -MT"src/fsbl_hooks.o" -I../../fsbl_bsp/ps7_cortexa9_0/include -MMD -MP -MF"src/fsbl_hooks.d" -MT"src/fsbl_hooks.d" -o "src/fsbl_hooks.o" "../src/fsbl_hooks.c"
Finished building: ../src/fsbl_hooks.c
 
Building file: ../src/image_mover.c
Invoking: ARM gcc compiler
arm-xilinx-eabi-gcc -Wall -O0 -g3 -I"/home/controls/Pallavi/Bare_AMP_Zed/hw_platform_0" -c -fmessage-length=0 -MT"src/image_mover.o" -I../../fsbl_bsp/ps7_cortexa9_0/include -MMD -MP -MF"src/image_mover.d" -MT"src/image_mover.d" -o "src/image_mover.o" "../src/image_mover.c"
Finished building: ../src/image_mover.c
 
Building file: ../src/main.c
Invoking: ARM gcc compiler
arm-xilinx-eabi-gcc -Wall -O0 -g3 -I"/home/controls/Pallavi/Bare_AMP_Zed/hw_platform_0" -c -fmessage-length=0 -MT"src/main.o" -I../../fsbl_bsp/ps7_cortexa9_0/include -MMD -MP -MF"src/main.d" -MT"src/main.d" -o "src/main.o" "../src/main.c"
Finished building: ../src/main.c
 
Building file: ../src/nand.c
Invoking: ARM gcc compiler
arm-xilinx-eabi-gcc -Wall -O0 -g3 -I"/home/controls/Pallavi/Bare_AMP_Zed/hw_platform_0" -c -fmessage-length=0 -MT"src/nand.o" -I../../fsbl_bsp/ps7_cortexa9_0/include -MMD -MP -MF"src/nand.d" -MT"src/nand.d" -o "src/nand.o" "../src/nand.c"
Finished building: ../src/nand.c
 
Building file: ../src/nor.c
Invoking: ARM gcc compiler
arm-xilinx-eabi-gcc -Wall -O0 -g3 -I"/home/controls/Pallavi/Bare_AMP_Zed/hw_platform_0" -c -fmessage-length=0 -MT"src/nor.o" -I../../fsbl_bsp/ps7_cortexa9_0/include -MMD -MP -MF"src/nor.d" -MT"src/nor.d" -o "src/nor.o" "../src/nor.c"
Finished building: ../src/nor.c
 
Building file: ../src/pcap.c
Invoking: ARM gcc compiler
arm-xilinx-eabi-gcc -Wall -O0 -g3 -I"/home/controls/Pallavi/Bare_AMP_Zed/hw_platform_0" -c -fmessage-length=0 -MT"src/pcap.o" -I../../fsbl_bsp/ps7_cortexa9_0/include -MMD -MP -MF"src/pcap.d" -MT"src/pcap.d" -o "src/pcap.o" "../src/pcap.c"
Finished building: ../src/pcap.c
 
Building file: /home/controls/Pallavi/Bare_AMP_Zed/hw_platform_0/ps7_init.c
Invoking: ARM gcc compiler
arm-xilinx-eabi-gcc -Wall -O0 -g3 -I"/home/controls/Pallavi/Bare_AMP_Zed/hw_platform_0" -c -fmessage-length=0 -MT"src/ps7_init.o" -I../../fsbl_bsp/ps7_cortexa9_0/include -MMD -MP -MF"src/ps7_init.d" -MT"src/ps7_init.d" -o "src/ps7_init.o" "/home/controls/Pallavi/Bare_AMP_Zed/hw_platform_0/ps7_init.c"
Finished building: /home/controls/Pallavi/Bare_AMP_Zed/hw_platform_0/ps7_init.c
 
Building file: ../src/qspi.c
Invoking: ARM gcc compiler
arm-xilinx-eabi-gcc -Wall -O0 -g3 -I"/home/controls/Pallavi/Bare_AMP_Zed/hw_platform_0" -c -fmessage-length=0 -MT"src/qspi.o" -I../../fsbl_bsp/ps7_cortexa9_0/include -MMD -MP -MF"src/qspi.d" -MT"src/qspi.d" -o "src/qspi.o" "../src/qspi.c"
Finished building: ../src/qspi.c
 
Building file: ../src/rsa.c
Invoking: ARM gcc compiler
arm-xilinx-eabi-gcc -Wall -O0 -g3 -I"/home/controls/Pallavi/Bare_AMP_Zed/hw_platform_0" -c -fmessage-length=0 -MT"src/rsa.o" -I../../fsbl_bsp/ps7_cortexa9_0/include -MMD -MP -MF"src/rsa.d" -MT"src/rsa.d" -o "src/rsa.o" "../src/rsa.c"
Finished building: ../src/rsa.c
 
Building file: ../src/sd.c
Invoking: ARM gcc compiler
arm-xilinx-eabi-gcc -Wall -O0 -g3 -I"/home/controls/Pallavi/Bare_AMP_Zed/hw_platform_0" -c -fmessage-length=0 -MT"src/sd.o" -I../../fsbl_bsp/ps7_cortexa9_0/include -MMD -MP -MF"src/sd.d" -MT"src/sd.d" -o "src/sd.o" "../src/sd.c"
Finished building: ../src/sd.c
 
Building target: fsbl.elf
Invoking: ARM gcc linker
arm-xilinx-eabi-gcc -L"/home/controls/Pallavi/Bare_AMP_Zed/fsbl/src" -Wl,-T -Wl,../src/lscript.ld -L../../fsbl_bsp/ps7_cortexa9_0/lib -o "fsbl.elf"  ./src/fsbl_handoff.o ./src/fsbl_hooks.o ./src/image_mover.o ./src/main.o ./src/md5.o ./src/nand.o ./src/nor.o ./src/pcap.o ./src/ps7_init.o ./src/qspi.o ./src/rsa.o ./src/sd.o   -lrsa -Wl,--start-group,-lxil,-lgcc,-lc,--end-group -Wl,--start-group,-lxilffs,-lxil,-lgcc,-lc,--end-group -Wl,--start-group,-lrsa,-lxil,-lgcc,-lc,--end-group
Finished building target: fsbl.elf
 
Invoking: ARM Print Size
arm-xilinx-eabi-size fsbl.elf  |tee "fsbl.elf.size"
   text	   data	    bss	    dec	    hex	filename
  74340	  11236	  73380	 158956	  26cec	fsbl.elf
Finished building: fsbl.elf.size
 
16:12:03 **** Auto Build of configuration Debug for project app_cpu1 ****
make all 
make: Nothing to be done for `all'.
16:12:04 **** Auto Build of configuration Debug for project uart_test_1 ****
make all 
make: Nothing to be done for `all'.
16:12:04 **** Build of project uart_test_2_bsp ****
make -k all 
Running Make include in ps7_cortexa9_0/libsrc/coresightps_dcc_v1_0/src
make -C ps7_cortexa9_0/libsrc/coresightps_dcc_v1_0/src -s include  "SHELL=/bin/sh" "COMPILER=arm-xilinx-eabi-gcc" "ARCHIVER=arm-xilinx-eabi-ar" "COMPILER_FLAGS=  -O2 -c" "EXTRA_COMPILER_FLAGS=-g"
Running Make include in ps7_cortexa9_0/libsrc/cpu_cortexa9_v2_1/src
make -C ps7_cortexa9_0/libsrc/cpu_cortexa9_v2_1/src -s include  "SHELL=/bin/sh" "COMPILER=arm-xilinx-eabi-gcc" "ARCHIVER=arm-xilinx-eabi-ar" "COMPILER_FLAGS=  -O2 -c" "EXTRA_COMPILER_FLAGS=-g"
Running Make include in ps7_cortexa9_0/libsrc/devcfg_v3_2/src
make -C ps7_cortexa9_0/libsrc/devcfg_v3_2/src -s include  "SHELL=/bin/sh" "COMPILER=arm-xilinx-eabi-gcc" "ARCHIVER=arm-xilinx-eabi-ar" "COMPILER_FLAGS=  -O2 -c" "EXTRA_COMPILER_FLAGS=-g"
Running Make include in ps7_cortexa9_0/libsrc/dmaps_v2_1/src
make -C ps7_cortexa9_0/libsrc/dmaps_v2_1/src -s include  "SHELL=/bin/sh" "COMPILER=arm-xilinx-eabi-gcc" "ARCHIVER=arm-xilinx-eabi-ar" "COMPILER_FLAGS=  -O2 -c" "EXTRA_COMPILER_FLAGS=-g"
Running Make include in ps7_cortexa9_0/libsrc/emacps_v3_0/src
make -C ps7_cortexa9_0/libsrc/emacps_v3_0/src -s include  "SHELL=/bin/sh" "COMPILER=arm-xilinx-eabi-gcc" "ARCHIVER=arm-xilinx-eabi-ar" "COMPILER_FLAGS=  -O2 -c" "EXTRA_COMPILER_FLAGS=-g"
Running Make include in ps7_cortexa9_0/libsrc/gpio_v4_0/src
make -C ps7_cortexa9_0/libsrc/gpio_v4_0/src -s include  "SHELL=/bin/sh" "COMPILER=arm-xilinx-eabi-gcc" "ARCHIVER=arm-xilinx-eabi-ar" "COMPILER_FLAGS=  -O2 -c" "EXTRA_COMPILER_FLAGS=-g"
Running Make include in ps7_cortexa9_0/libsrc/llfifo_v4_0/src
make -C ps7_cortexa9_0/libsrc/llfifo_v4_0/src -s include  "SHELL=/bin/sh" "COMPILER=arm-xilinx-eabi-gcc" "ARCHIVER=arm-xilinx-eabi-ar" "COMPILER_FLAGS=  -O2 -c" "EXTRA_COMPILER_FLAGS=-g"
Running Make include in ps7_cortexa9_0/libsrc/qspips_v3_2/src
make -C ps7_cortexa9_0/libsrc/qspips_v3_2/src -s include  "SHELL=/bin/sh" "COMPILER=arm-xilinx-eabi-gcc" "ARCHIVER=arm-xilinx-eabi-ar" "COMPILER_FLAGS=  -O2 -c" "EXTRA_COMPILER_FLAGS=-g"
Running Make include in ps7_cortexa9_0/libsrc/scugic_v3_0/src
make -C ps7_cortexa9_0/libsrc/scugic_v3_0/src -s include  "SHELL=/bin/sh" "COMPILER=arm-xilinx-eabi-gcc" "ARCHIVER=arm-xilinx-eabi-ar" "COMPILER_FLAGS=  -O2 -c" "EXTRA_COMPILER_FLAGS=-g"
Running Make include in ps7_cortexa9_0/libsrc/scutimer_v2_1/src
make -C ps7_cortexa9_0/libsrc/scutimer_v2_1/src -s include  "SHELL=/bin/sh" "COMPILER=arm-xilinx-eabi-gcc" "ARCHIVER=arm-xilinx-eabi-ar" "COMPILER_FLAGS=  -O2 -c" "EXTRA_COMPILER_FLAGS=-g"
Running Make include in ps7_cortexa9_0/libsrc/scuwdt_v2_1/src
make -C ps7_cortexa9_0/libsrc/scuwdt_v2_1/src -s include  "SHELL=/bin/sh" "COMPILER=arm-xilinx-eabi-gcc" "ARCHIVER=arm-xilinx-eabi-ar" "COMPILER_FLAGS=  -O2 -c" "EXTRA_COMPILER_FLAGS=-g"
Running Make include in ps7_cortexa9_0/libsrc/sdps_v2_4/src
make -C ps7_cortexa9_0/libsrc/sdps_v2_4/src -s include  "SHELL=/bin/sh" "COMPILER=arm-xilinx-eabi-gcc" "ARCHIVER=arm-xilinx-eabi-ar" "COMPILER_FLAGS=  -O2 -c" "EXTRA_COMPILER_FLAGS=-g"
Running Make include in ps7_cortexa9_0/libsrc/standalone_v5_00/src
make -C ps7_cortexa9_0/libsrc/standalone_v5_00/src -s include  "SHELL=/bin/sh" "COMPILER=arm-xilinx-eabi-gcc" "ARCHIVER=arm-xilinx-eabi-ar" "COMPILER_FLAGS=  -O2 -c" "EXTRA_COMPILER_FLAGS=-g"
Running Make include in ps7_cortexa9_0/libsrc/ttcps_v3_0/src
make -C ps7_cortexa9_0/libsrc/ttcps_v3_0/src -s include  "SHELL=/bin/sh" "COMPILER=arm-xilinx-eabi-gcc" "ARCHIVER=arm-xilinx-eabi-ar" "COMPILER_FLAGS=  -O2 -c" "EXTRA_COMPILER_FLAGS=-g"
Running Make include in ps7_cortexa9_0/libsrc/uartps_v3_0/src
make -C ps7_cortexa9_0/libsrc/uartps_v3_0/src -s include  "SHELL=/bin/sh" "COMPILER=arm-xilinx-eabi-gcc" "ARCHIVER=arm-xilinx-eabi-ar" "COMPILER_FLAGS=  -O2 -c" "EXTRA_COMPILER_FLAGS=-g"
Running Make include in ps7_cortexa9_0/libsrc/usbps_v2_2/src
make -C ps7_cortexa9_0/libsrc/usbps_v2_2/src -s include  "SHELL=/bin/sh" "COMPILER=arm-xilinx-eabi-gcc" "ARCHIVER=arm-xilinx-eabi-ar" "COMPILER_FLAGS=  -O2 -c" "EXTRA_COMPILER_FLAGS=-g"
Running Make include in ps7_cortexa9_0/libsrc/xadcps_v2_1/src
make -C ps7_cortexa9_0/libsrc/xadcps_v2_1/src -s include  "SHELL=/bin/sh" "COMPILER=arm-xilinx-eabi-gcc" "ARCHIVER=arm-xilinx-eabi-ar" "COMPILER_FLAGS=  -O2 -c" "EXTRA_COMPILER_FLAGS=-g"
Running Make libs in ps7_cortexa9_0/libsrc/coresightps_dcc_v1_0/src
make -C ps7_cortexa9_0/libsrc/coresightps_dcc_v1_0/src -s libs  "SHELL=/bin/sh" "COMPILER=arm-xilinx-eabi-gcc" "ARCHIVER=arm-xilinx-eabi-ar" "COMPILER_FLAGS=  -O2 -c" "EXTRA_COMPILER_FLAGS=-g"
Compiling coresightps_dcc
Running Make libs in ps7_cortexa9_0/libsrc/cpu_cortexa9_v2_1/src
make -C ps7_cortexa9_0/libsrc/cpu_cortexa9_v2_1/src -s libs  "SHELL=/bin/sh" "COMPILER=arm-xilinx-eabi-gcc" "ARCHIVER=arm-xilinx-eabi-ar" "COMPILER_FLAGS=  -O2 -c" "EXTRA_COMPILER_FLAGS=-g"
Compiling cpu_cortexa9
Running Make libs in ps7_cortexa9_0/libsrc/devcfg_v3_2/src
make -C ps7_cortexa9_0/libsrc/devcfg_v3_2/src -s libs  "SHELL=/bin/sh" "COMPILER=arm-xilinx-eabi-gcc" "ARCHIVER=arm-xilinx-eabi-ar" "COMPILER_FLAGS=  -O2 -c" "EXTRA_COMPILER_FLAGS=-g"
Compiling devcfg
Running Make libs in ps7_cortexa9_0/libsrc/dmaps_v2_1/src
make -C ps7_cortexa9_0/libsrc/dmaps_v2_1/src -s libs  "SHELL=/bin/sh" "COMPILER=arm-xilinx-eabi-gcc" "ARCHIVER=arm-xilinx-eabi-ar" "COMPILER_FLAGS=  -O2 -c" "EXTRA_COMPILER_FLAGS=-g"
Compiling dmaps
Running Make libs in ps7_cortexa9_0/libsrc/emacps_v3_0/src
make -C ps7_cortexa9_0/libsrc/emacps_v3_0/src -s libs  "SHELL=/bin/sh" "COMPILER=arm-xilinx-eabi-gcc" "ARCHIVER=arm-xilinx-eabi-ar" "COMPILER_FLAGS=  -O2 -c" "EXTRA_COMPILER_FLAGS=-g"
Compiling emacps
Running Make libs in ps7_cortexa9_0/libsrc/gpio_v4_0/src
make -C ps7_cortexa9_0/libsrc/gpio_v4_0/src -s libs  "SHELL=/bin/sh" "COMPILER=arm-xilinx-eabi-gcc" "ARCHIVER=arm-xilinx-eabi-ar" "COMPILER_FLAGS=  -O2 -c" "EXTRA_COMPILER_FLAGS=-g"
Compiling gpio
Running Make libs in ps7_cortexa9_0/libsrc/llfifo_v4_0/src
make -C ps7_cortexa9_0/libsrc/llfifo_v4_0/src -s libs  "SHELL=/bin/sh" "COMPILER=arm-xilinx-eabi-gcc" "ARCHIVER=arm-xilinx-eabi-ar" "COMPILER_FLAGS=  -O2 -c" "EXTRA_COMPILER_FLAGS=-g"
Compiling llfifo
Running Make libs in ps7_cortexa9_0/libsrc/qspips_v3_2/src
make -C ps7_cortexa9_0/libsrc/qspips_v3_2/src -s libs  "SHELL=/bin/sh" "COMPILER=arm-xilinx-eabi-gcc" "ARCHIVER=arm-xilinx-eabi-ar" "COMPILER_FLAGS=  -O2 -c" "EXTRA_COMPILER_FLAGS=-g"
Compiling qspips
Running Make libs in ps7_cortexa9_0/libsrc/scugic_v3_0/src
make -C ps7_cortexa9_0/libsrc/scugic_v3_0/src -s libs  "SHELL=/bin/sh" "COMPILER=arm-xilinx-eabi-gcc" "ARCHIVER=arm-xilinx-eabi-ar" "COMPILER_FLAGS=  -O2 -c" "EXTRA_COMPILER_FLAGS=-g"
Compiling scugic
Running Make libs in ps7_cortexa9_0/libsrc/scutimer_v2_1/src
make -C ps7_cortexa9_0/libsrc/scutimer_v2_1/src -s libs  "SHELL=/bin/sh" "COMPILER=arm-xilinx-eabi-gcc" "ARCHIVER=arm-xilinx-eabi-ar" "COMPILER_FLAGS=  -O2 -c" "EXTRA_COMPILER_FLAGS=-g"
Compiling scutimer
Running Make libs in ps7_cortexa9_0/libsrc/scuwdt_v2_1/src
make -C ps7_cortexa9_0/libsrc/scuwdt_v2_1/src -s libs  "SHELL=/bin/sh" "COMPILER=arm-xilinx-eabi-gcc" "ARCHIVER=arm-xilinx-eabi-ar" "COMPILER_FLAGS=  -O2 -c" "EXTRA_COMPILER_FLAGS=-g"
Compiling scuwdt
Running Make libs in ps7_cortexa9_0/libsrc/sdps_v2_4/src
make -C ps7_cortexa9_0/libsrc/sdps_v2_4/src -s libs  "SHELL=/bin/sh" "COMPILER=arm-xilinx-eabi-gcc" "ARCHIVER=arm-xilinx-eabi-ar" "COMPILER_FLAGS=  -O2 -c" "EXTRA_COMPILER_FLAGS=-g"
Compiling sdps
Running Make libs in ps7_cortexa9_0/libsrc/standalone_v5_00/src
make -C ps7_cortexa9_0/libsrc/standalone_v5_00/src -s libs  "SHELL=/bin/sh" "COMPILER=arm-xilinx-eabi-gcc" "ARCHIVER=arm-xilinx-eabi-ar" "COMPILER_FLAGS=  -O2 -c" "EXTRA_COMPILER_FLAGS=-g"
Compiling standalone
Running Make libs in ps7_cortexa9_0/libsrc/ttcps_v3_0/src
make -C ps7_cortexa9_0/libsrc/ttcps_v3_0/src -s libs  "SHELL=/bin/sh" "COMPILER=arm-xilinx-eabi-gcc" "ARCHIVER=arm-xilinx-eabi-ar" "COMPILER_FLAGS=  -O2 -c" "EXTRA_COMPILER_FLAGS=-g"
Compiling ttcps
Running Make libs in ps7_cortexa9_0/libsrc/uartps_v3_0/src
make -C ps7_cortexa9_0/libsrc/uartps_v3_0/src -s libs  "SHELL=/bin/sh" "COMPILER=arm-xilinx-eabi-gcc" "ARCHIVER=arm-xilinx-eabi-ar" "COMPILER_FLAGS=  -O2 -c" "EXTRA_COMPILER_FLAGS=-g"
Compiling uartps
Running Make libs in ps7_cortexa9_0/libsrc/usbps_v2_2/src
make -C ps7_cortexa9_0/libsrc/usbps_v2_2/src -s libs  "SHELL=/bin/sh" "COMPILER=arm-xilinx-eabi-gcc" "ARCHIVER=arm-xilinx-eabi-ar" "COMPILER_FLAGS=  -O2 -c" "EXTRA_COMPILER_FLAGS=-g"
Compiling usbps
Running Make libs in ps7_cortexa9_0/libsrc/xadcps_v2_1/src
make -C ps7_cortexa9_0/libsrc/xadcps_v2_1/src -s libs  "SHELL=/bin/sh" "COMPILER=arm-xilinx-eabi-gcc" "ARCHIVER=arm-xilinx-eabi-ar" "COMPILER_FLAGS=  -O2 -c" "EXTRA_COMPILER_FLAGS=-g"
Compiling xadcps
Finished building libraries
16:12:12 **** Build of configuration Debug for project uart_test_2 ****
make all 
Building file: ../src/uart_test2.c
Invoking: ARM gcc compiler
arm-xilinx-eabi-gcc -Wall -O0 -g3 -c -fmessage-length=0 -MT"src/uart_test2.o" -I../../uart_test_2_bsp/ps7_cortexa9_0/include -MMD -MP -MF"src/uart_test2.d" -MT"src/uart_test2.d" -o "src/uart_test2.o" "../src/uart_test2.c"
Finished building: ../src/uart_test2.c
 
Building target: uart_test_2.elf
Invoking: ARM gcc linker
arm-xilinx-eabi-gcc -Wl,-T -Wl,../src/lscript.ld -L../../uart_test_2_bsp/ps7_cortexa9_0/lib -o "uart_test_2.elf"  ./src/uart_test2.o   -Wl,--start-group,-lxil,-lgcc,-lc,--end-group
Finished building target: uart_test_2.elf
 
Invoking: ARM Print Size
arm-xilinx-eabi-size uart_test_2.elf  |tee "uart_test_2.elf.size"
   text	   data	    bss	    dec	    hex	filename
  21836	   1168	  22628	  45632	   b240	uart_test_2.elf
Finished building: uart_test_2.elf.size
 
16:12:32 **** Incremental Build of configuration Debug for project app_cpu0 ****
make all 
make: Nothing to be done for `all'.
16:12:33 **** Incremental Build of configuration Debug for project app_production ****
make all 
make: Nothing to be done for `all'.
16:12:33 **** Incremental Build of configuration Debug for project fsbl ****
make all 
make: Nothing to be done for `all'.
16:12:33 **** Incremental Build of configuration Debug for project app_cpu1 ****
make all 
make: Nothing to be done for `all'.
16:12:34 **** Incremental Build of configuration Debug for project uart_test_1 ****
make all 
make: Nothing to be done for `all'.
16:12:34 **** Incremental Build of configuration Debug for project uart_test_2 ****
make all 
make: Nothing to be done for `all'.
16:13:05 **** Incremental Build of configuration Debug for project app_cpu0 ****
make all 
make: Nothing to be done for `all'.
16:13:05 **** Incremental Build of configuration Debug for project app_production ****
make all 
make: Nothing to be done for `all'.
16:13:06 **** Incremental Build of configuration Debug for project fsbl ****
make all 
Building file: ../src/fsbl_hooks.c
Invoking: ARM gcc compiler
arm-xilinx-eabi-gcc -Wall -O0 -g3 -I"/home/controls/Pallavi/Bare_AMP_Zed/hw_platform_0" -c -fmessage-length=0 -MT"src/fsbl_hooks.o" -I../../fsbl_bsp/ps7_cortexa9_0/include -MMD -MP -MF"src/fsbl_hooks.d" -MT"src/fsbl_hooks.d" -o "src/fsbl_hooks.o" "../src/fsbl_hooks.c"
Finished building: ../src/fsbl_hooks.c
 
Building file: ../src/image_mover.c
Invoking: ARM gcc compiler
arm-xilinx-eabi-gcc -Wall -O0 -g3 -I"/home/controls/Pallavi/Bare_AMP_Zed/hw_platform_0" -c -fmessage-length=0 -MT"src/image_mover.o" -I../../fsbl_bsp/ps7_cortexa9_0/include -MMD -MP -MF"src/image_mover.d" -MT"src/image_mover.d" -o "src/image_mover.o" "../src/image_mover.c"
Finished building: ../src/image_mover.c
 
Building file: ../src/main.c
Invoking: ARM gcc compiler
arm-xilinx-eabi-gcc -Wall -O0 -g3 -I"/home/controls/Pallavi/Bare_AMP_Zed/hw_platform_0" -c -fmessage-length=0 -MT"src/main.o" -I../../fsbl_bsp/ps7_cortexa9_0/include -MMD -MP -MF"src/main.d" -MT"src/main.d" -o "src/main.o" "../src/main.c"
Finished building: ../src/main.c
 
Building file: ../src/nand.c
Invoking: ARM gcc compiler
arm-xilinx-eabi-gcc -Wall -O0 -g3 -I"/home/controls/Pallavi/Bare_AMP_Zed/hw_platform_0" -c -fmessage-length=0 -MT"src/nand.o" -I../../fsbl_bsp/ps7_cortexa9_0/include -MMD -MP -MF"src/nand.d" -MT"src/nand.d" -o "src/nand.o" "../src/nand.c"
Finished building: ../src/nand.c
 
Building file: ../src/nor.c
Invoking: ARM gcc compiler
arm-xilinx-eabi-gcc -Wall -O0 -g3 -I"/home/controls/Pallavi/Bare_AMP_Zed/hw_platform_0" -c -fmessage-length=0 -MT"src/nor.o" -I../../fsbl_bsp/ps7_cortexa9_0/include -MMD -MP -MF"src/nor.d" -MT"src/nor.d" -o "src/nor.o" "../src/nor.c"
Finished building: ../src/nor.c
 
Building file: ../src/pcap.c
Invoking: ARM gcc compiler
arm-xilinx-eabi-gcc -Wall -O0 -g3 -I"/home/controls/Pallavi/Bare_AMP_Zed/hw_platform_0" -c -fmessage-length=0 -MT"src/pcap.o" -I../../fsbl_bsp/ps7_cortexa9_0/include -MMD -MP -MF"src/pcap.d" -MT"src/pcap.d" -o "src/pcap.o" "../src/pcap.c"
Finished building: ../src/pcap.c
 
Building file: /home/controls/Pallavi/Bare_AMP_Zed/hw_platform_0/ps7_init.c
Invoking: ARM gcc compiler
arm-xilinx-eabi-gcc -Wall -O0 -g3 -I"/home/controls/Pallavi/Bare_AMP_Zed/hw_platform_0" -c -fmessage-length=0 -MT"src/ps7_init.o" -I../../fsbl_bsp/ps7_cortexa9_0/include -MMD -MP -MF"src/ps7_init.d" -MT"src/ps7_init.d" -o "src/ps7_init.o" "/home/controls/Pallavi/Bare_AMP_Zed/hw_platform_0/ps7_init.c"
Finished building: /home/controls/Pallavi/Bare_AMP_Zed/hw_platform_0/ps7_init.c
 
Building file: ../src/qspi.c
Invoking: ARM gcc compiler
arm-xilinx-eabi-gcc -Wall -O0 -g3 -I"/home/controls/Pallavi/Bare_AMP_Zed/hw_platform_0" -c -fmessage-length=0 -MT"src/qspi.o" -I../../fsbl_bsp/ps7_cortexa9_0/include -MMD -MP -MF"src/qspi.d" -MT"src/qspi.d" -o "src/qspi.o" "../src/qspi.c"
Finished building: ../src/qspi.c
 
Building file: ../src/rsa.c
Invoking: ARM gcc compiler
arm-xilinx-eabi-gcc -Wall -O0 -g3 -I"/home/controls/Pallavi/Bare_AMP_Zed/hw_platform_0" -c -fmessage-length=0 -MT"src/rsa.o" -I../../fsbl_bsp/ps7_cortexa9_0/include -MMD -MP -MF"src/rsa.d" -MT"src/rsa.d" -o "src/rsa.o" "../src/rsa.c"
Finished building: ../src/rsa.c
 
Building file: ../src/sd.c
Invoking: ARM gcc compiler
arm-xilinx-eabi-gcc -Wall -O0 -g3 -I"/home/controls/Pallavi/Bare_AMP_Zed/hw_platform_0" -c -fmessage-length=0 -MT"src/sd.o" -I../../fsbl_bsp/ps7_cortexa9_0/include -MMD -MP -MF"src/sd.d" -MT"src/sd.d" -o "src/sd.o" "../src/sd.c"
Finished building: ../src/sd.c
 
Building target: fsbl.elf
Invoking: ARM gcc linker
arm-xilinx-eabi-gcc -L"/home/controls/Pallavi/Bare_AMP_Zed/fsbl/src" -Wl,-T -Wl,../src/lscript.ld -L../../fsbl_bsp/ps7_cortexa9_0/lib -o "fsbl.elf"  ./src/fsbl_handoff.o ./src/fsbl_hooks.o ./src/image_mover.o ./src/main.o ./src/md5.o ./src/nand.o ./src/nor.o ./src/pcap.o ./src/ps7_init.o ./src/qspi.o ./src/rsa.o ./src/sd.o   -lrsa -Wl,--start-group,-lxil,-lgcc,-lc,--end-group -Wl,--start-group,-lxilffs,-lxil,-lgcc,-lc,--end-group -Wl,--start-group,-lrsa,-lxil,-lgcc,-lc,--end-group
Finished building target: fsbl.elf
 
Invoking: ARM Print Size
arm-xilinx-eabi-size fsbl.elf  |tee "fsbl.elf.size"
   text	   data	    bss	    dec	    hex	filename
  74340	  11236	  73380	 158956	  26cec	fsbl.elf
Finished building: fsbl.elf.size
 
16:13:07 **** Incremental Build of configuration Debug for project app_cpu1 ****
make all 
make: Nothing to be done for `all'.
16:13:07 **** Incremental Build of configuration Debug for project uart_test_1 ****
make all 
make: Nothing to be done for `all'.
16:13:07 **** Incremental Build of configuration Debug for project uart_test_2 ****
make all 
make: Nothing to be done for `all'.
16:34:39 **** Auto Build of configuration Debug for project app_cpu0 ****
make all 
Building file: ../src/app_cpu0.c
Invoking: ARM gcc compiler
arm-xilinx-eabi-gcc -Wall -O0 -g3 -c -fmessage-length=0 -MT"src/app_cpu0.o" -I../../app_cpu0_bsp/ps7_cortexa9_0/include -MMD -MP -MF"src/app_cpu0.d" -MT"src/app_cpu0.d" -o "src/app_cpu0.o" "../src/app_cpu0.c"
../src/app_cpu0.c: In function 'main':
../src/app_cpu0.c:109:6: warning: variable 'StatusUart' set but not used [-Wunused-but-set-variable]
  int StatusUart;
      ^
../src/app_cpu0.c: In function 'UartPsEchoExample':
../src/app_cpu0.c:217:6: warning: variable 'Running' set but not used [-Wunused-but-set-variable]
  u32 Running;
      ^
Finished building: ../src/app_cpu0.c
 
Building target: app_cpu0.elf
Invoking: ARM gcc linker
arm-xilinx-eabi-gcc -Wl,-T -Wl,../src/lscript.ld -L../../app_cpu0_bsp/ps7_cortexa9_0/lib -o "app_cpu0.elf"  ./src/app_cpu0.o   -Wl,--start-group,-lxil,-lgcc,-lc,--end-group
Finished building target: app_cpu0.elf
 
Invoking: ARM Print Size
arm-xilinx-eabi-size app_cpu0.elf  |tee "app_cpu0.elf.size"
   text	   data	    bss	    dec	    hex	filename
  26400	   1920	  29764	  58084	   e2e4	app_cpu0.elf
Finished building: app_cpu0.elf.size
 
16:40:01 **** Auto Build of configuration Debug for project app_cpu0 ****
make all 
Building file: ../src/app_cpu0.c
Invoking: ARM gcc compiler
arm-xilinx-eabi-gcc -Wall -O0 -g3 -c -fmessage-length=0 -MT"src/app_cpu0.o" -I../../app_cpu0_bsp/ps7_cortexa9_0/include -MMD -MP -MF"src/app_cpu0.d" -MT"src/app_cpu0.d" -o "src/app_cpu0.o" "../src/app_cpu0.c"
../src/app_cpu0.c: In function 'main':
../src/app_cpu0.c:109:6: warning: variable 'StatusUart' set but not used [-Wunused-but-set-variable]
  int StatusUart;
      ^
Finished building: ../src/app_cpu0.c
 
Building target: app_cpu0.elf
Invoking: ARM gcc linker
arm-xilinx-eabi-gcc -Wl,-T -Wl,../src/lscript.ld -L../../app_cpu0_bsp/ps7_cortexa9_0/lib -o "app_cpu0.elf"  ./src/app_cpu0.o   -Wl,--start-group,-lxil,-lgcc,-lc,--end-group
Finished building target: app_cpu0.elf
 
Invoking: ARM Print Size
arm-xilinx-eabi-size app_cpu0.elf  |tee "app_cpu0.elf.size"
   text	   data	    bss	    dec	    hex	filename
  26416	   1920	  29764	  58100	   e2f4	app_cpu0.elf
Finished building: app_cpu0.elf.size
 
16:49:39 **** Auto Build of configuration Debug for project app_cpu0 ****
make all 
Building file: ../src/app_cpu0.c
Invoking: ARM gcc compiler
arm-xilinx-eabi-gcc -Wall -O0 -g3 -c -fmessage-length=0 -MT"src/app_cpu0.o" -I../../app_cpu0_bsp/ps7_cortexa9_0/include -MMD -MP -MF"src/app_cpu0.d" -MT"src/app_cpu0.d" -o "src/app_cpu0.o" "../src/app_cpu0.c"
Finished building: ../src/app_cpu0.c
 
Building target: app_cpu0.elf
Invoking: ARM gcc linker
arm-xilinx-eabi-gcc -Wl,-T -Wl,../src/lscript.ld -L../../app_cpu0_bsp/ps7_cortexa9_0/lib -o "app_cpu0.elf"  ./src/app_cpu0.o   -Wl,--start-group,-lxil,-lgcc,-lc,--end-group
Finished building target: app_cpu0.elf
 
Invoking: ARM Print Size
arm-xilinx-eabi-size app_cpu0.elf  |tee "app_cpu0.elf.size"
   text	   data	    bss	    dec	    hex	filename
  26412	   1920	  29764	  58096	   e2f0	app_cpu0.elf
Finished building: app_cpu0.elf.size
 
17:04:12 **** Auto Build of configuration Debug for project app_cpu0 ****
make all 
Building file: ../src/app_cpu0.c
Invoking: ARM gcc compiler
arm-xilinx-eabi-gcc -Wall -O0 -g3 -c -fmessage-length=0 -MT"src/app_cpu0.o" -I../../app_cpu0_bsp/ps7_cortexa9_0/include -MMD -MP -MF"src/app_cpu0.d" -MT"src/app_cpu0.d" -o "src/app_cpu0.o" "../src/app_cpu0.c"
Finished building: ../src/app_cpu0.c
 
Building target: app_cpu0.elf
Invoking: ARM gcc linker
arm-xilinx-eabi-gcc -Wl,-T -Wl,../src/lscript.ld -L../../app_cpu0_bsp/ps7_cortexa9_0/lib -o "app_cpu0.elf"  ./src/app_cpu0.o   -Wl,--start-group,-lxil,-lgcc,-lc,--end-group
Finished building target: app_cpu0.elf
 
Invoking: ARM Print Size
arm-xilinx-eabi-size app_cpu0.elf  |tee "app_cpu0.elf.size"
   text	   data	    bss	    dec	    hex	filename
  26368	   1920	  29764	  58052	   e2c4	app_cpu0.elf
Finished building: app_cpu0.elf.size
 
12:13:33 **** Auto Build of configuration Debug for project app_cpu0 ****
make all 
Building file: ../src/app_cpu0.c
Invoking: ARM gcc compiler
arm-xilinx-eabi-gcc -Wall -O0 -g3 -c -fmessage-length=0 -MT"src/app_cpu0.o" -I../../app_cpu0_bsp/ps7_cortexa9_0/include -MMD -MP -MF"src/app_cpu0.d" -MT"src/app_cpu0.d" -o "src/app_cpu0.o" "../src/app_cpu0.c"
Finished building: ../src/app_cpu0.c
 
Building target: app_cpu0.elf
Invoking: ARM gcc linker
arm-xilinx-eabi-gcc -Wl,-T -Wl,../src/lscript.ld -L../../app_cpu0_bsp/ps7_cortexa9_0/lib -o "app_cpu0.elf"  ./src/app_cpu0.o   -Wl,--start-group,-lxil,-lgcc,-lc,--end-group
Finished building target: app_cpu0.elf
 
Invoking: ARM Print Size
arm-xilinx-eabi-size app_cpu0.elf  |tee "app_cpu0.elf.size"
   text	   data	    bss	    dec	    hex	filename
  26356	   1920	  29764	  58040	   e2b8	app_cpu0.elf
Finished building: app_cpu0.elf.size
 
12:18:37 **** Auto Build of configuration Debug for project app_cpu0 ****
make all 
Building file: ../src/app_cpu0.c
Invoking: ARM gcc compiler
arm-xilinx-eabi-gcc -Wall -O0 -g3 -c -fmessage-length=0 -MT"src/app_cpu0.o" -I../../app_cpu0_bsp/ps7_cortexa9_0/include -MMD -MP -MF"src/app_cpu0.d" -MT"src/app_cpu0.d" -o "src/app_cpu0.o" "../src/app_cpu0.c"
Finished building: ../src/app_cpu0.c
 
Building target: app_cpu0.elf
Invoking: ARM gcc linker
arm-xilinx-eabi-gcc -Wl,-T -Wl,../src/lscript.ld -L../../app_cpu0_bsp/ps7_cortexa9_0/lib -o "app_cpu0.elf"  ./src/app_cpu0.o   -Wl,--start-group,-lxil,-lgcc,-lc,--end-group
Finished building target: app_cpu0.elf
 
Invoking: ARM Print Size
arm-xilinx-eabi-size app_cpu0.elf  |tee "app_cpu0.elf.size"
   text	   data	    bss	    dec	    hex	filename
  26384	   1920	  29764	  58068	   e2d4	app_cpu0.elf
Finished building: app_cpu0.elf.size
 
12:19:06 **** Auto Build of configuration Debug for project app_cpu0 ****
make all 
Building file: ../src/app_cpu0.c
Invoking: ARM gcc compiler
arm-xilinx-eabi-gcc -Wall -O0 -g3 -c -fmessage-length=0 -MT"src/app_cpu0.o" -I../../app_cpu0_bsp/ps7_cortexa9_0/include -MMD -MP -MF"src/app_cpu0.d" -MT"src/app_cpu0.d" -o "src/app_cpu0.o" "../src/app_cpu0.c"
Finished building: ../src/app_cpu0.c
 
Building target: app_cpu0.elf
Invoking: ARM gcc linker
arm-xilinx-eabi-gcc -Wl,-T -Wl,../src/lscript.ld -L../../app_cpu0_bsp/ps7_cortexa9_0/lib -o "app_cpu0.elf"  ./src/app_cpu0.o   -Wl,--start-group,-lxil,-lgcc,-lc,--end-group
Finished building target: app_cpu0.elf
 
Invoking: ARM Print Size
arm-xilinx-eabi-size app_cpu0.elf  |tee "app_cpu0.elf.size"
   text	   data	    bss	    dec	    hex	filename
  26384	   1920	  29764	  58068	   e2d4	app_cpu0.elf
Finished building: app_cpu0.elf.size
 
12:22:19 **** Auto Build of configuration Debug for project app_cpu0 ****
make all 
Building file: ../src/app_cpu0.c
Invoking: ARM gcc compiler
arm-xilinx-eabi-gcc -Wall -O0 -g3 -c -fmessage-length=0 -MT"src/app_cpu0.o" -I../../app_cpu0_bsp/ps7_cortexa9_0/include -MMD -MP -MF"src/app_cpu0.d" -MT"src/app_cpu0.d" -o "src/app_cpu0.o" "../src/app_cpu0.c"
Finished building: ../src/app_cpu0.c
 
Building target: app_cpu0.elf
Invoking: ARM gcc linker
arm-xilinx-eabi-gcc -Wl,-T -Wl,../src/lscript.ld -L../../app_cpu0_bsp/ps7_cortexa9_0/lib -o "app_cpu0.elf"  ./src/app_cpu0.o   -Wl,--start-group,-lxil,-lgcc,-lc,--end-group
Finished building target: app_cpu0.elf
 
Invoking: ARM Print Size
arm-xilinx-eabi-size app_cpu0.elf  |tee "app_cpu0.elf.size"
   text	   data	    bss	    dec	    hex	filename
  26356	   1920	  29764	  58040	   e2b8	app_cpu0.elf
Finished building: app_cpu0.elf.size
 
12:26:43 **** Auto Build of configuration Debug for project app_cpu0 ****
make all 
Building file: ../src/app_cpu0.c
Invoking: ARM gcc compiler
arm-xilinx-eabi-gcc -Wall -O0 -g3 -c -fmessage-length=0 -MT"src/app_cpu0.o" -I../../app_cpu0_bsp/ps7_cortexa9_0/include -MMD -MP -MF"src/app_cpu0.d" -MT"src/app_cpu0.d" -o "src/app_cpu0.o" "../src/app_cpu0.c"
../src/app_cpu0.c: In function 'UartPsEchoExample':
../src/app_cpu0.c:273:3: error: too many arguments to function 'print'
   print("value of RecvChar, %d",RecvChar);
   ^
In file included from ../../app_cpu0_bsp/ps7_cortexa9_0/include/xil_io.h:65:0,
                 from ../src/app_cpu0.c:25:
../../app_cpu0_bsp/ps7_cortexa9_0/include/xil_printf.h:36:6: note: declared here
 void print( const char8 *ptr);
      ^
make: *** [src/app_cpu0.o] Error 1
12:27:14 **** Auto Build of configuration Debug for project app_cpu0 ****
make all 
Building file: ../src/app_cpu0.c
Invoking: ARM gcc compiler
arm-xilinx-eabi-gcc -Wall -O0 -g3 -c -fmessage-length=0 -MT"src/app_cpu0.o" -I../../app_cpu0_bsp/ps7_cortexa9_0/include -MMD -MP -MF"src/app_cpu0.d" -MT"src/app_cpu0.d" -o "src/app_cpu0.o" "../src/app_cpu0.c"
../src/app_cpu0.c: In function 'UartPsEchoExample':
../src/app_cpu0.c:273:3: warning: implicit declaration of function 'xil_print' [-Wimplicit-function-declaration]
   xil_print("value of RecvChar, %d",RecvChar);
   ^
Finished building: ../src/app_cpu0.c
 
Building target: app_cpu0.elf
Invoking: ARM gcc linker
arm-xilinx-eabi-gcc -Wl,-T -Wl,../src/lscript.ld -L../../app_cpu0_bsp/ps7_cortexa9_0/lib -o "app_cpu0.elf"  ./src/app_cpu0.o   -Wl,--start-group,-lxil,-lgcc,-lc,--end-group
./src/app_cpu0.o: In function `UartPsEchoExample':
/home/controls/Pallavi/Bare_AMP_Zed/app_cpu0/Debug/../src/app_cpu0.c:273: undefined reference to `xil_print'
collect2: error: ld returned 1 exit status
make: *** [app_cpu0.elf] Error 1
12:27:20 **** Auto Build of configuration Debug for project app_cpu0 ****
make all 
Building file: ../src/app_cpu0.c
Invoking: ARM gcc compiler
arm-xilinx-eabi-gcc -Wall -O0 -g3 -c -fmessage-length=0 -MT"src/app_cpu0.o" -I../../app_cpu0_bsp/ps7_cortexa9_0/include -MMD -MP -MF"src/app_cpu0.d" -MT"src/app_cpu0.d" -o "src/app_cpu0.o" "../src/app_cpu0.c"
Finished building: ../src/app_cpu0.c
 
Building target: app_cpu0.elf
Invoking: ARM gcc linker
arm-xilinx-eabi-gcc -Wl,-T -Wl,../src/lscript.ld -L../../app_cpu0_bsp/ps7_cortexa9_0/lib -o "app_cpu0.elf"  ./src/app_cpu0.o   -Wl,--start-group,-lxil,-lgcc,-lc,--end-group
Finished building target: app_cpu0.elf
 
Invoking: ARM Print Size
arm-xilinx-eabi-size app_cpu0.elf  |tee "app_cpu0.elf.size"
   text	   data	    bss	    dec	    hex	filename
  28608	   1928	  29764	  60300	   eb8c	app_cpu0.elf
Finished building: app_cpu0.elf.size
 
12:33:56 **** Auto Build of configuration Debug for project app_cpu0 ****
make all 
Building file: ../src/app_cpu0.c
Invoking: ARM gcc compiler
arm-xilinx-eabi-gcc -Wall -O0 -g3 -c -fmessage-length=0 -MT"src/app_cpu0.o" -I../../app_cpu0_bsp/ps7_cortexa9_0/include -MMD -MP -MF"src/app_cpu0.d" -MT"src/app_cpu0.d" -o "src/app_cpu0.o" "../src/app_cpu0.c"
Finished building: ../src/app_cpu0.c
 
Building target: app_cpu0.elf
Invoking: ARM gcc linker
arm-xilinx-eabi-gcc -Wl,-T -Wl,../src/lscript.ld -L../../app_cpu0_bsp/ps7_cortexa9_0/lib -o "app_cpu0.elf"  ./src/app_cpu0.o   -Wl,--start-group,-lxil,-lgcc,-lc,--end-group
Finished building target: app_cpu0.elf
 
Invoking: ARM Print Size
arm-xilinx-eabi-size app_cpu0.elf  |tee "app_cpu0.elf.size"
   text	   data	    bss	    dec	    hex	filename
  28672	   1928	  29764	  60364	   ebcc	app_cpu0.elf
Finished building: app_cpu0.elf.size
 
12:40:19 **** Auto Build of configuration Debug for project app_cpu0 ****
make all 
Building file: ../src/app_cpu0.c
Invoking: ARM gcc compiler
arm-xilinx-eabi-gcc -Wall -O0 -g3 -c -fmessage-length=0 -MT"src/app_cpu0.o" -I../../app_cpu0_bsp/ps7_cortexa9_0/include -MMD -MP -MF"src/app_cpu0.d" -MT"src/app_cpu0.d" -o "src/app_cpu0.o" "../src/app_cpu0.c"
Finished building: ../src/app_cpu0.c
 
Building target: app_cpu0.elf
Invoking: ARM gcc linker
arm-xilinx-eabi-gcc -Wl,-T -Wl,../src/lscript.ld -L../../app_cpu0_bsp/ps7_cortexa9_0/lib -o "app_cpu0.elf"  ./src/app_cpu0.o   -Wl,--start-group,-lxil,-lgcc,-lc,--end-group
Finished building target: app_cpu0.elf
 
Invoking: ARM Print Size
arm-xilinx-eabi-size app_cpu0.elf  |tee "app_cpu0.elf.size"
   text	   data	    bss	    dec	    hex	filename
  28672	   1928	  29764	  60364	   ebcc	app_cpu0.elf
Finished building: app_cpu0.elf.size
 
12:46:31 **** Auto Build of configuration Debug for project app_cpu0 ****
make all 
Building file: ../src/app_cpu0.c
Invoking: ARM gcc compiler
arm-xilinx-eabi-gcc -Wall -O0 -g3 -c -fmessage-length=0 -MT"src/app_cpu0.o" -I../../app_cpu0_bsp/ps7_cortexa9_0/include -MMD -MP -MF"src/app_cpu0.d" -MT"src/app_cpu0.d" -o "src/app_cpu0.o" "../src/app_cpu0.c"
Finished building: ../src/app_cpu0.c
 
Building target: app_cpu0.elf
Invoking: ARM gcc linker
arm-xilinx-eabi-gcc -Wl,-T -Wl,../src/lscript.ld -L../../app_cpu0_bsp/ps7_cortexa9_0/lib -o "app_cpu0.elf"  ./src/app_cpu0.o   -Wl,--start-group,-lxil,-lgcc,-lc,--end-group
Finished building target: app_cpu0.elf
 
Invoking: ARM Print Size
arm-xilinx-eabi-size app_cpu0.elf  |tee "app_cpu0.elf.size"
   text	   data	    bss	    dec	    hex	filename
  28676	   1928	  29764	  60368	   ebd0	app_cpu0.elf
Finished building: app_cpu0.elf.size
 
12:46:58 **** Auto Build of configuration Debug for project app_cpu0 ****
make all 
Building file: ../src/app_cpu0.c
Invoking: ARM gcc compiler
arm-xilinx-eabi-gcc -Wall -O0 -g3 -c -fmessage-length=0 -MT"src/app_cpu0.o" -I../../app_cpu0_bsp/ps7_cortexa9_0/include -MMD -MP -MF"src/app_cpu0.d" -MT"src/app_cpu0.d" -o "src/app_cpu0.o" "../src/app_cpu0.c"
Finished building: ../src/app_cpu0.c
 
Building target: app_cpu0.elf
Invoking: ARM gcc linker
arm-xilinx-eabi-gcc -Wl,-T -Wl,../src/lscript.ld -L../../app_cpu0_bsp/ps7_cortexa9_0/lib -o "app_cpu0.elf"  ./src/app_cpu0.o   -Wl,--start-group,-lxil,-lgcc,-lc,--end-group
Finished building target: app_cpu0.elf
 
Invoking: ARM Print Size
arm-xilinx-eabi-size app_cpu0.elf  |tee "app_cpu0.elf.size"
   text	   data	    bss	    dec	    hex	filename
  28676	   1928	  29764	  60368	   ebd0	app_cpu0.elf
Finished building: app_cpu0.elf.size
 
12:55:50 **** Auto Build of configuration Debug for project app_cpu0 ****
make all 
Building file: ../src/app_cpu0.c
Invoking: ARM gcc compiler
arm-xilinx-eabi-gcc -Wall -O0 -g3 -c -fmessage-length=0 -MT"src/app_cpu0.o" -I../../app_cpu0_bsp/ps7_cortexa9_0/include -MMD -MP -MF"src/app_cpu0.d" -MT"src/app_cpu0.d" -o "src/app_cpu0.o" "../src/app_cpu0.c"
Finished building: ../src/app_cpu0.c
 
Building target: app_cpu0.elf
Invoking: ARM gcc linker
arm-xilinx-eabi-gcc -Wl,-T -Wl,../src/lscript.ld -L../../app_cpu0_bsp/ps7_cortexa9_0/lib -o "app_cpu0.elf"  ./src/app_cpu0.o   -Wl,--start-group,-lxil,-lgcc,-lc,--end-group
Finished building target: app_cpu0.elf
 
Invoking: ARM Print Size
arm-xilinx-eabi-size app_cpu0.elf  |tee "app_cpu0.elf.size"
   text	   data	    bss	    dec	    hex	filename
  28676	   1928	  29764	  60368	   ebd0	app_cpu0.elf
Finished building: app_cpu0.elf.size
 
12:59:17 **** Auto Build of configuration Debug for project app_cpu0 ****
make all 
Building file: ../src/app_cpu0.c
Invoking: ARM gcc compiler
arm-xilinx-eabi-gcc -Wall -O0 -g3 -c -fmessage-length=0 -MT"src/app_cpu0.o" -I../../app_cpu0_bsp/ps7_cortexa9_0/include -MMD -MP -MF"src/app_cpu0.d" -MT"src/app_cpu0.d" -o "src/app_cpu0.o" "../src/app_cpu0.c"
Finished building: ../src/app_cpu0.c
 
Building target: app_cpu0.elf
Invoking: ARM gcc linker
arm-xilinx-eabi-gcc -Wl,-T -Wl,../src/lscript.ld -L../../app_cpu0_bsp/ps7_cortexa9_0/lib -o "app_cpu0.elf"  ./src/app_cpu0.o   -Wl,--start-group,-lxil,-lgcc,-lc,--end-group
Finished building target: app_cpu0.elf
 
Invoking: ARM Print Size
arm-xilinx-eabi-size app_cpu0.elf  |tee "app_cpu0.elf.size"
   text	   data	    bss	    dec	    hex	filename
  28676	   1928	  29764	  60368	   ebd0	app_cpu0.elf
Finished building: app_cpu0.elf.size
 
13:01:13 **** Auto Build of configuration Debug for project app_cpu0 ****
make all 
Building file: ../src/app_cpu0.c
Invoking: ARM gcc compiler
arm-xilinx-eabi-gcc -Wall -O0 -g3 -c -fmessage-length=0 -MT"src/app_cpu0.o" -I../../app_cpu0_bsp/ps7_cortexa9_0/include -MMD -MP -MF"src/app_cpu0.d" -MT"src/app_cpu0.d" -o "src/app_cpu0.o" "../src/app_cpu0.c"
Finished building: ../src/app_cpu0.c
 
Building target: app_cpu0.elf
Invoking: ARM gcc linker
arm-xilinx-eabi-gcc -Wl,-T -Wl,../src/lscript.ld -L../../app_cpu0_bsp/ps7_cortexa9_0/lib -o "app_cpu0.elf"  ./src/app_cpu0.o   -Wl,--start-group,-lxil,-lgcc,-lc,--end-group
Finished building target: app_cpu0.elf
 
Invoking: ARM Print Size
arm-xilinx-eabi-size app_cpu0.elf  |tee "app_cpu0.elf.size"
   text	   data	    bss	    dec	    hex	filename
  28676	   1928	  29764	  60368	   ebd0	app_cpu0.elf
Finished building: app_cpu0.elf.size
 
13:01:42 **** Auto Build of configuration Debug for project app_cpu0 ****
make all 
Building file: ../src/app_cpu0.c
Invoking: ARM gcc compiler
arm-xilinx-eabi-gcc -Wall -O0 -g3 -c -fmessage-length=0 -MT"src/app_cpu0.o" -I../../app_cpu0_bsp/ps7_cortexa9_0/include -MMD -MP -MF"src/app_cpu0.d" -MT"src/app_cpu0.d" -o "src/app_cpu0.o" "../src/app_cpu0.c"
Finished building: ../src/app_cpu0.c
 
Building target: app_cpu0.elf
Invoking: ARM gcc linker
arm-xilinx-eabi-gcc -Wl,-T -Wl,../src/lscript.ld -L../../app_cpu0_bsp/ps7_cortexa9_0/lib -o "app_cpu0.elf"  ./src/app_cpu0.o   -Wl,--start-group,-lxil,-lgcc,-lc,--end-group
Finished building target: app_cpu0.elf
 
Invoking: ARM Print Size
arm-xilinx-eabi-size app_cpu0.elf  |tee "app_cpu0.elf.size"
   text	   data	    bss	    dec	    hex	filename
  28676	   1928	  29764	  60368	   ebd0	app_cpu0.elf
Finished building: app_cpu0.elf.size
 
13:03:49 **** Auto Build of configuration Debug for project app_cpu0 ****
make all 
Building file: ../src/app_cpu0.c
Invoking: ARM gcc compiler
arm-xilinx-eabi-gcc -Wall -O0 -g3 -c -fmessage-length=0 -MT"src/app_cpu0.o" -I../../app_cpu0_bsp/ps7_cortexa9_0/include -MMD -MP -MF"src/app_cpu0.d" -MT"src/app_cpu0.d" -o "src/app_cpu0.o" "../src/app_cpu0.c"
Finished building: ../src/app_cpu0.c
 
Building target: app_cpu0.elf
Invoking: ARM gcc linker
arm-xilinx-eabi-gcc -Wl,-T -Wl,../src/lscript.ld -L../../app_cpu0_bsp/ps7_cortexa9_0/lib -o "app_cpu0.elf"  ./src/app_cpu0.o   -Wl,--start-group,-lxil,-lgcc,-lc,--end-group
Finished building target: app_cpu0.elf
 
Invoking: ARM Print Size
arm-xilinx-eabi-size app_cpu0.elf  |tee "app_cpu0.elf.size"
   text	   data	    bss	    dec	    hex	filename
  28676	   1928	  29764	  60368	   ebd0	app_cpu0.elf
Finished building: app_cpu0.elf.size
 
14:36:35 **** Auto Build of configuration Debug for project app_cpu0 ****
make all 
Building file: ../src/app_cpu0.c
Invoking: ARM gcc compiler
arm-xilinx-eabi-gcc -Wall -O0 -g3 -c -fmessage-length=0 -MT"src/app_cpu0.o" -I../../app_cpu0_bsp/ps7_cortexa9_0/include -MMD -MP -MF"src/app_cpu0.d" -MT"src/app_cpu0.d" -o "src/app_cpu0.o" "../src/app_cpu0.c"
Finished building: ../src/app_cpu0.c
 
Building target: app_cpu0.elf
Invoking: ARM gcc linker
arm-xilinx-eabi-gcc -Wl,-T -Wl,../src/lscript.ld -L../../app_cpu0_bsp/ps7_cortexa9_0/lib -o "app_cpu0.elf"  ./src/app_cpu0.o   -Wl,--start-group,-lxil,-lgcc,-lc,--end-group
Finished building target: app_cpu0.elf
 
Invoking: ARM Print Size
arm-xilinx-eabi-size app_cpu0.elf  |tee "app_cpu0.elf.size"
   text	   data	    bss	    dec	    hex	filename
  28612	   1928	  29764	  60304	   eb90	app_cpu0.elf
Finished building: app_cpu0.elf.size
 
15:02:54 **** Build of project app_ioi_bsp ****
make -k all 
Running Make include in IO_intermediary/libsrc/bram_v4_0/src
make -C IO_intermediary/libsrc/bram_v4_0/src -s include  "SHELL=/bin/sh" "COMPILER=mb-gcc" "ARCHIVER=mb-ar" "COMPILER_FLAGS= -O2 -c -mcpu=v9.5 -mhard-float -mlittle-endian -mno-xl-reorder -mxl-barrel-shift -mxl-soft-mul" "EXTRA_COMPILER_FLAGS=-g"
Running Make include in IO_intermediary/libsrc/cpu_v2_3/src
make -C IO_intermediary/libsrc/cpu_v2_3/src -s include  "SHELL=/bin/sh" "COMPILER=mb-gcc" "ARCHIVER=mb-ar" "COMPILER_FLAGS= -O2 -c -mcpu=v9.5 -mhard-float -mlittle-endian -mno-xl-reorder -mxl-barrel-shift -mxl-soft-mul" "EXTRA_COMPILER_FLAGS=-g"
Running Make include in IO_intermediary/libsrc/gpio_v4_0/src
make -C IO_intermediary/libsrc/gpio_v4_0/src -s include  "SHELL=/bin/sh" "COMPILER=mb-gcc" "ARCHIVER=mb-ar" "COMPILER_FLAGS= -O2 -c -mcpu=v9.5 -mhard-float -mlittle-endian -mno-xl-reorder -mxl-barrel-shift -mxl-soft-mul" "EXTRA_COMPILER_FLAGS=-g"
Running Make include in IO_intermediary/libsrc/intc_v3_3/src
make -C IO_intermediary/libsrc/intc_v3_3/src -s include  "SHELL=/bin/sh" "COMPILER=mb-gcc" "ARCHIVER=mb-ar" "COMPILER_FLAGS= -O2 -c -mcpu=v9.5 -mhard-float -mlittle-endian -mno-xl-reorder -mxl-barrel-shift -mxl-soft-mul" "EXTRA_COMPILER_FLAGS=-g"
Running Make include in IO_intermediary/libsrc/llfifo_v4_0/src
make -C IO_intermediary/libsrc/llfifo_v4_0/src -s include  "SHELL=/bin/sh" "COMPILER=mb-gcc" "ARCHIVER=mb-ar" "COMPILER_FLAGS= -O2 -c -mcpu=v9.5 -mhard-float -mlittle-endian -mno-xl-reorder -mxl-barrel-shift -mxl-soft-mul" "EXTRA_COMPILER_FLAGS=-g"
Running Make include in IO_intermediary/libsrc/spi_v4_1/src
make -C IO_intermediary/libsrc/spi_v4_1/src -s include  "SHELL=/bin/sh" "COMPILER=mb-gcc" "ARCHIVER=mb-ar" "COMPILER_FLAGS= -O2 -c -mcpu=v9.5 -mhard-float -mlittle-endian -mno-xl-reorder -mxl-barrel-shift -mxl-soft-mul" "EXTRA_COMPILER_FLAGS=-g"
Running Make include in IO_intermediary/libsrc/standalone_v5_00/src
make -C IO_intermediary/libsrc/standalone_v5_00/src -s include  "SHELL=/bin/sh" "COMPILER=mb-gcc" "ARCHIVER=mb-ar" "COMPILER_FLAGS= -O2 -c -mcpu=v9.5 -mhard-float -mlittle-endian -mno-xl-reorder -mxl-barrel-shift -mxl-soft-mul" "EXTRA_COMPILER_FLAGS=-g"
Running Make include in IO_intermediary/libsrc/uartlite_v3_0/src
make -C IO_intermediary/libsrc/uartlite_v3_0/src -s include  "SHELL=/bin/sh" "COMPILER=mb-gcc" "ARCHIVER=mb-ar" "COMPILER_FLAGS= -O2 -c -mcpu=v9.5 -mhard-float -mlittle-endian -mno-xl-reorder -mxl-barrel-shift -mxl-soft-mul" "EXTRA_COMPILER_FLAGS=-g"
Running Make include in IO_intermediary/libsrc/wdttb_v3_0/src
make -C IO_intermediary/libsrc/wdttb_v3_0/src -s include  "SHELL=/bin/sh" "COMPILER=mb-gcc" "ARCHIVER=mb-ar" "COMPILER_FLAGS= -O2 -c -mcpu=v9.5 -mhard-float -mlittle-endian -mno-xl-reorder -mxl-barrel-shift -mxl-soft-mul" "EXTRA_COMPILER_FLAGS=-g"
Running Make libs in IO_intermediary/libsrc/bram_v4_0/src
make -C IO_intermediary/libsrc/bram_v4_0/src -s libs  "SHELL=/bin/sh" "COMPILER=mb-gcc" "ARCHIVER=mb-ar" "COMPILER_FLAGS= -O2 -c -mcpu=v9.5 -mhard-float -mlittle-endian -mno-xl-reorder -mxl-barrel-shift -mxl-soft-mul" "EXTRA_COMPILER_FLAGS=-g"
Compiling bram
mb-ar: creating ../../../lib/libxil.a
Running Make libs in IO_intermediary/libsrc/cpu_v2_3/src
make -C IO_intermediary/libsrc/cpu_v2_3/src -s libs  "SHELL=/bin/sh" "COMPILER=mb-gcc" "ARCHIVER=mb-ar" "COMPILER_FLAGS= -O2 -c -mcpu=v9.5 -mhard-float -mlittle-endian -mno-xl-reorder -mxl-barrel-shift -mxl-soft-mul" "EXTRA_COMPILER_FLAGS=-g"
Compiling cpu
Running Make libs in IO_intermediary/libsrc/gpio_v4_0/src
make -C IO_intermediary/libsrc/gpio_v4_0/src -s libs  "SHELL=/bin/sh" "COMPILER=mb-gcc" "ARCHIVER=mb-ar" "COMPILER_FLAGS= -O2 -c -mcpu=v9.5 -mhard-float -mlittle-endian -mno-xl-reorder -mxl-barrel-shift -mxl-soft-mul" "EXTRA_COMPILER_FLAGS=-g"
Compiling gpio
Running Make libs in IO_intermediary/libsrc/intc_v3_3/src
make -C IO_intermediary/libsrc/intc_v3_3/src -s libs  "SHELL=/bin/sh" "COMPILER=mb-gcc" "ARCHIVER=mb-ar" "COMPILER_FLAGS= -O2 -c -mcpu=v9.5 -mhard-float -mlittle-endian -mno-xl-reorder -mxl-barrel-shift -mxl-soft-mul" "EXTRA_COMPILER_FLAGS=-g"
Compiling intc
Running Make libs in IO_intermediary/libsrc/llfifo_v4_0/src
make -C IO_intermediary/libsrc/llfifo_v4_0/src -s libs  "SHELL=/bin/sh" "COMPILER=mb-gcc" "ARCHIVER=mb-ar" "COMPILER_FLAGS= -O2 -c -mcpu=v9.5 -mhard-float -mlittle-endian -mno-xl-reorder -mxl-barrel-shift -mxl-soft-mul" "EXTRA_COMPILER_FLAGS=-g"
Compiling llfifo
Running Make libs in IO_intermediary/libsrc/spi_v4_1/src
make -C IO_intermediary/libsrc/spi_v4_1/src -s libs  "SHELL=/bin/sh" "COMPILER=mb-gcc" "ARCHIVER=mb-ar" "COMPILER_FLAGS= -O2 -c -mcpu=v9.5 -mhard-float -mlittle-endian -mno-xl-reorder -mxl-barrel-shift -mxl-soft-mul" "EXTRA_COMPILER_FLAGS=-g"
Compiling spi
Running Make libs in IO_intermediary/libsrc/standalone_v5_00/src
make -C IO_intermediary/libsrc/standalone_v5_00/src -s libs  "SHELL=/bin/sh" "COMPILER=mb-gcc" "ARCHIVER=mb-ar" "COMPILER_FLAGS= -O2 -c -mcpu=v9.5 -mhard-float -mlittle-endian -mno-xl-reorder -mxl-barrel-shift -mxl-soft-mul" "EXTRA_COMPILER_FLAGS=-g"
Compiling standalone
Running Make libs in IO_intermediary/libsrc/uartlite_v3_0/src
make -C IO_intermediary/libsrc/uartlite_v3_0/src -s libs  "SHELL=/bin/sh" "COMPILER=mb-gcc" "ARCHIVER=mb-ar" "COMPILER_FLAGS= -O2 -c -mcpu=v9.5 -mhard-float -mlittle-endian -mno-xl-reorder -mxl-barrel-shift -mxl-soft-mul" "EXTRA_COMPILER_FLAGS=-g"
Compiling uartlite
Running Make libs in IO_intermediary/libsrc/wdttb_v3_0/src
make -C IO_intermediary/libsrc/wdttb_v3_0/src -s libs  "SHELL=/bin/sh" "COMPILER=mb-gcc" "ARCHIVER=mb-ar" "COMPILER_FLAGS= -O2 -c -mcpu=v9.5 -mhard-float -mlittle-endian -mno-xl-reorder -mxl-barrel-shift -mxl-soft-mul" "EXTRA_COMPILER_FLAGS=-g"
Compiling wdttb
Finished building libraries

**** Build of configuration Debug for project app_ioi ****

Nothing to build for project app_ioi
15:03:31 **** Auto Build of configuration Debug for project app_ioi ****
make all 
Building file: ../src/utilities/axi_gpio.c
Invoking: MicroBlaze gcc compiler
mb-gcc -Wall -O0 -g3 -c -fmessage-length=0 -MT"src/utilities/axi_gpio.o" -I../../app_ioi_bsp/IO_intermediary/include -mno-xl-reorder -mlittle-endian -mxl-barrel-shift -mcpu=v9.5 -mxl-soft-mul -mhard-float -Wl,--no-relax -MMD -MP -MF"src/utilities/axi_gpio.d" -MT"src/utilities/axi_gpio.d" -o "src/utilities/axi_gpio.o" "../src/utilities/axi_gpio.c"
Finished building: ../src/utilities/axi_gpio.c
 
Building file: ../src/utilities/axi_spi.c
Invoking: MicroBlaze gcc compiler
mb-gcc -Wall -O0 -g3 -c -fmessage-length=0 -MT"src/utilities/axi_spi.o" -I../../app_ioi_bsp/IO_intermediary/include -mno-xl-reorder -mlittle-endian -mxl-barrel-shift -mcpu=v9.5 -mxl-soft-mul -mhard-float -Wl,--no-relax -MMD -MP -MF"src/utilities/axi_spi.d" -MT"src/utilities/axi_spi.d" -o "src/utilities/axi_spi.o" "../src/utilities/axi_spi.c"
In file included from ../src/utilities/axi_spi.c:8:0:
../src/utilities/axi_spi.h:13:34: fatal error: taiga_rip_parameters.h: No such file or directory
 #include "taiga_rip_parameters.h"
                                  ^
compilation terminated.
make: *** [src/utilities/axi_spi.o] Error 1
15:04:03 **** Clean-only build of configuration Debug for project app_ioi ****
make clean 
rm -rf  ./src/utilities/axi_gpio.o ./src/utilities/axi_spi.o ./src/utilities/axi_uart.o ./src/utilities/fifo_queue_wdt.o ./src/utilities/interrupt_controller.o  ./src/ioi_handler.o ./src/main_ioi.o ./src/pendulum_control.o ./src/supervisory_communication.o ./src/trigger_mechanisms.o  ./src/utilities/axi_gpio.d ./src/utilities/axi_spi.d ./src/utilities/axi_uart.d ./src/utilities/fifo_queue_wdt.d ./src/utilities/interrupt_controller.d  ./src/ioi_handler.d ./src/main_ioi.d ./src/pendulum_control.d ./src/supervisory_communication.d ./src/trigger_mechanisms.d  app_ioi.elf.size  app_ioi.elf
 
15:04:03 **** Auto Build of configuration Debug for project app_ioi ****
make all 
Building file: ../src/utilities/axi_gpio.c
Invoking: MicroBlaze gcc compiler
mb-gcc -Wall -O0 -g3 -I../../app_ioi_bsp/IO_intermediary/include -I/home/controls/TAIGA-Pallavi/Rotary-Inverted-Pendulum-Zed/Rotary-Inverted-Pendulum-Zed.sdk/global_includes -c -fmessage-length=0 -MT"src/utilities/axi_gpio.o" -mno-xl-reorder -mlittle-endian -mxl-barrel-shift -mcpu=v9.5 -mxl-soft-mul -mhard-float -Wl,--no-relax -MMD -MP -MF"src/utilities/axi_gpio.d" -MT"src/utilities/axi_gpio.d" -o "src/utilities/axi_gpio.o" "../src/utilities/axi_gpio.c"
Finished building: ../src/utilities/axi_gpio.c
 
Building file: ../src/utilities/axi_spi.c
Invoking: MicroBlaze gcc compiler
mb-gcc -Wall -O0 -g3 -I../../app_ioi_bsp/IO_intermediary/include -I/home/controls/TAIGA-Pallavi/Rotary-Inverted-Pendulum-Zed/Rotary-Inverted-Pendulum-Zed.sdk/global_includes -c -fmessage-length=0 -MT"src/utilities/axi_spi.o" -mno-xl-reorder -mlittle-endian -mxl-barrel-shift -mcpu=v9.5 -mxl-soft-mul -mhard-float -Wl,--no-relax -MMD -MP -MF"src/utilities/axi_spi.d" -MT"src/utilities/axi_spi.d" -o "src/utilities/axi_spi.o" "../src/utilities/axi_spi.c"
Finished building: ../src/utilities/axi_spi.c
 
Building file: ../src/utilities/axi_uart.c
Invoking: MicroBlaze gcc compiler
mb-gcc -Wall -O0 -g3 -I../../app_ioi_bsp/IO_intermediary/include -I/home/controls/TAIGA-Pallavi/Rotary-Inverted-Pendulum-Zed/Rotary-Inverted-Pendulum-Zed.sdk/global_includes -c -fmessage-length=0 -MT"src/utilities/axi_uart.o" -mno-xl-reorder -mlittle-endian -mxl-barrel-shift -mcpu=v9.5 -mxl-soft-mul -mhard-float -Wl,--no-relax -MMD -MP -MF"src/utilities/axi_uart.d" -MT"src/utilities/axi_uart.d" -o "src/utilities/axi_uart.o" "../src/utilities/axi_uart.c"
Finished building: ../src/utilities/axi_uart.c
 
Building file: ../src/utilities/fifo_queue_wdt.c
Invoking: MicroBlaze gcc compiler
mb-gcc -Wall -O0 -g3 -I../../app_ioi_bsp/IO_intermediary/include -I/home/controls/TAIGA-Pallavi/Rotary-Inverted-Pendulum-Zed/Rotary-Inverted-Pendulum-Zed.sdk/global_includes -c -fmessage-length=0 -MT"src/utilities/fifo_queue_wdt.o" -mno-xl-reorder -mlittle-endian -mxl-barrel-shift -mcpu=v9.5 -mxl-soft-mul -mhard-float -Wl,--no-relax -MMD -MP -MF"src/utilities/fifo_queue_wdt.d" -MT"src/utilities/fifo_queue_wdt.d" -o "src/utilities/fifo_queue_wdt.o" "../src/utilities/fifo_queue_wdt.c"
../src/utilities/fifo_queue_wdt.c:22:8: warning: type defaults to 'int' in declaration of 'wdt_expired_flag' [-Wimplicit-int]
 static wdt_expired_flag = false;
        ^
../src/utilities/fifo_queue_wdt.c: In function 'dequeue_handler':
../src/utilities/fifo_queue_wdt.c:193:3: warning: implicit declaration of function 'ioi_handler' [-Wimplicit-function-declaration]
   ioi_handler(newPacket);
   ^
Finished building: ../src/utilities/fifo_queue_wdt.c
 
Building file: ../src/utilities/interrupt_controller.c
Invoking: MicroBlaze gcc compiler
mb-gcc -Wall -O0 -g3 -I../../app_ioi_bsp/IO_intermediary/include -I/home/controls/TAIGA-Pallavi/Rotary-Inverted-Pendulum-Zed/Rotary-Inverted-Pendulum-Zed.sdk/global_includes -c -fmessage-length=0 -MT"src/utilities/interrupt_controller.o" -mno-xl-reorder -mlittle-endian -mxl-barrel-shift -mcpu=v9.5 -mxl-soft-mul -mhard-float -Wl,--no-relax -MMD -MP -MF"src/utilities/interrupt_controller.d" -MT"src/utilities/interrupt_controller.d" -o "src/utilities/interrupt_controller.o" "../src/utilities/interrupt_controller.c"
Finished building: ../src/utilities/interrupt_controller.c
 
Building file: ../src/ioi_handler.c
Invoking: MicroBlaze gcc compiler
mb-gcc -Wall -O0 -g3 -I../../app_ioi_bsp/IO_intermediary/include -I/home/controls/TAIGA-Pallavi/Rotary-Inverted-Pendulum-Zed/Rotary-Inverted-Pendulum-Zed.sdk/global_includes -c -fmessage-length=0 -MT"src/ioi_handler.o" -mno-xl-reorder -mlittle-endian -mxl-barrel-shift -mcpu=v9.5 -mxl-soft-mul -mhard-float -Wl,--no-relax -MMD -MP -MF"src/ioi_handler.d" -MT"src/ioi_handler.d" -o "src/ioi_handler.o" "../src/ioi_handler.c"
../src/ioi_handler.c: In function 'ioi_handler':
../src/ioi_handler.c:38:21: warning: passing argument 1 of 'get_state_vector' from incompatible pointer type
    get_state_vector(returnData);
                     ^
In file included from ../src/ioi_handler.h:11:0,
                 from ../src/ioi_handler.c:8:
../src/pendulum_control.h:35:6: note: expected 'u32 *' but argument is of type 'unsigned int *'
 void get_state_vector(u32* buffer);
      ^
Finished building: ../src/ioi_handler.c
 
Building file: ../src/main_ioi.c
Invoking: MicroBlaze gcc compiler
mb-gcc -Wall -O0 -g3 -I../../app_ioi_bsp/IO_intermediary/include -I/home/controls/TAIGA-Pallavi/Rotary-Inverted-Pendulum-Zed/Rotary-Inverted-Pendulum-Zed.sdk/global_includes -c -fmessage-length=0 -MT"src/main_ioi.o" -mno-xl-reorder -mlittle-endian -mxl-barrel-shift -mcpu=v9.5 -mxl-soft-mul -mhard-float -Wl,--no-relax -MMD -MP -MF"src/main_ioi.d" -MT"src/main_ioi.d" -o "src/main_ioi.o" "../src/main_ioi.c"
../src/main_ioi.c: In function 'main':
../src/main_ioi.c:99:3: warning: implicit declaration of function 'supervisor_update_set_point' [-Wimplicit-function-declaration]
   supervisor_update_set_point();
   ^
Finished building: ../src/main_ioi.c
 
Building file: ../src/pendulum_control.c
Invoking: MicroBlaze gcc compiler
mb-gcc -Wall -O0 -g3 -I../../app_ioi_bsp/IO_intermediary/include -I/home/controls/TAIGA-Pallavi/Rotary-Inverted-Pendulum-Zed/Rotary-Inverted-Pendulum-Zed.sdk/global_includes -c -fmessage-length=0 -MT"src/pendulum_control.o" -mno-xl-reorder -mlittle-endian -mxl-barrel-shift -mcpu=v9.5 -mxl-soft-mul -mhard-float -Wl,--no-relax -MMD -MP -MF"src/pendulum_control.d" -MT"src/pendulum_control.d" -o "src/pendulum_control.o" "../src/pendulum_control.c"
Finished building: ../src/pendulum_control.c
 
Building file: ../src/supervisory_communication.c
Invoking: MicroBlaze gcc compiler
mb-gcc -Wall -O0 -g3 -I../../app_ioi_bsp/IO_intermediary/include -I/home/controls/TAIGA-Pallavi/Rotary-Inverted-Pendulum-Zed/Rotary-Inverted-Pendulum-Zed.sdk/global_includes -c -fmessage-length=0 -MT"src/supervisory_communication.o" -mno-xl-reorder -mlittle-endian -mxl-barrel-shift -mcpu=v9.5 -mxl-soft-mul -mhard-float -Wl,--no-relax -MMD -MP -MF"src/supervisory_communication.d" -MT"src/supervisory_communication.d" -o "src/supervisory_communication.o" "../src/supervisory_communication.c"
../src/supervisory_communication.c: In function 'supervisor_update_set_point':
../src/supervisory_communication.c:59:5: warning: implicit declaration of function 'set_set_point' [-Wimplicit-function-declaration]
     set_set_point(setPoint);
     ^
Finished building: ../src/supervisory_communication.c
 
Building file: ../src/trigger_mechanisms.c
Invoking: MicroBlaze gcc compiler
mb-gcc -Wall -O0 -g3 -I../../app_ioi_bsp/IO_intermediary/include -I/home/controls/TAIGA-Pallavi/Rotary-Inverted-Pendulum-Zed/Rotary-Inverted-Pendulum-Zed.sdk/global_includes -c -fmessage-length=0 -MT"src/trigger_mechanisms.o" -mno-xl-reorder -mlittle-endian -mxl-barrel-shift -mcpu=v9.5 -mxl-soft-mul -mhard-float -Wl,--no-relax -MMD -MP -MF"src/trigger_mechanisms.d" -MT"src/trigger_mechanisms.d" -o "src/trigger_mechanisms.o" "../src/trigger_mechanisms.c"
../src/trigger_mechanisms.c: In function 'prediction_trigger_mechanism':
../src/trigger_mechanisms.c:31:15: warning: unused variable 'delThetaR' [-Wunused-variable]
  static float delThetaR;
               ^
../src/trigger_mechanisms.c:24:21: warning: unused variable 'C' [-Wunused-variable]
  static const float C[2][4] =  {
                     ^
Finished building: ../src/trigger_mechanisms.c
 
Building target: app_ioi.elf
Invoking: MicroBlaze gcc linker
mb-gcc -L../../app_ioi_bsp/IO_intermediary/lib -Wl,-T -Wl,../src/lscript.ld -mlittle-endian -mxl-barrel-shift -mcpu=v9.5 -mxl-soft-mul -mhard-float -Wl,--no-relax -o "app_ioi.elf"  ./src/utilities/axi_gpio.o ./src/utilities/axi_spi.o ./src/utilities/axi_uart.o ./src/utilities/fifo_queue_wdt.o ./src/utilities/interrupt_controller.o  ./src/ioi_handler.o ./src/main_ioi.o ./src/pendulum_control.o ./src/supervisory_communication.o ./src/trigger_mechanisms.o   -l-Wl,--start-group,-lxil,-lgcc,-lc,--end-group
/opt/Xilinx/SDK/2015.1/gnu/microblaze/lin/bin/../lib/gcc/microblaze-xilinx-elf/4.9.2/../../../../microblaze-xilinx-elf/bin/ld: cannot find -l-Wl,--start-group,-lxil,-lgcc,-lc,--end-group
collect2: error: ld returned 1 exit status
make: *** [app_ioi.elf] Error 1
15:04:06 **** Clean-only build of configuration Debug for project app_ioi ****
make clean 
rm -rf  ./src/utilities/axi_gpio.o ./src/utilities/axi_spi.o ./src/utilities/axi_uart.o ./src/utilities/fifo_queue_wdt.o ./src/utilities/interrupt_controller.o  ./src/ioi_handler.o ./src/main_ioi.o ./src/pendulum_control.o ./src/supervisory_communication.o ./src/trigger_mechanisms.o  ./src/utilities/axi_gpio.d ./src/utilities/axi_spi.d ./src/utilities/axi_uart.d ./src/utilities/fifo_queue_wdt.d ./src/utilities/interrupt_controller.d  ./src/ioi_handler.d ./src/main_ioi.d ./src/pendulum_control.d ./src/supervisory_communication.d ./src/trigger_mechanisms.d  app_ioi.elf.size  app_ioi.elf
 
15:04:06 **** Auto Build of configuration Debug for project app_ioi ****
make all 
Building file: ../src/utilities/axi_gpio.c
Invoking: MicroBlaze gcc compiler
mb-gcc -Wall -O0 -g3 -I../../app_ioi_bsp/IO_intermediary/include -I/home/controls/TAIGA-Pallavi/Rotary-Inverted-Pendulum-Zed/Rotary-Inverted-Pendulum-Zed.sdk/global_includes -c -fmessage-length=0 -MT"src/utilities/axi_gpio.o" -mno-xl-reorder -mlittle-endian -mxl-barrel-shift -mcpu=v9.5 -mxl-soft-mul -mhard-float -Wl,--no-relax -MMD -MP -MF"src/utilities/axi_gpio.d" -MT"src/utilities/axi_gpio.d" -o "src/utilities/axi_gpio.o" "../src/utilities/axi_gpio.c"
Finished building: ../src/utilities/axi_gpio.c
 
Building file: ../src/utilities/axi_spi.c
Invoking: MicroBlaze gcc compiler
mb-gcc -Wall -O0 -g3 -I../../app_ioi_bsp/IO_intermediary/include -I/home/controls/TAIGA-Pallavi/Rotary-Inverted-Pendulum-Zed/Rotary-Inverted-Pendulum-Zed.sdk/global_includes -c -fmessage-length=0 -MT"src/utilities/axi_spi.o" -mno-xl-reorder -mlittle-endian -mxl-barrel-shift -mcpu=v9.5 -mxl-soft-mul -mhard-float -Wl,--no-relax -MMD -MP -MF"src/utilities/axi_spi.d" -MT"src/utilities/axi_spi.d" -o "src/utilities/axi_spi.o" "../src/utilities/axi_spi.c"
Finished building: ../src/utilities/axi_spi.c
 
Building file: ../src/utilities/axi_uart.c
Invoking: MicroBlaze gcc compiler
mb-gcc -Wall -O0 -g3 -I../../app_ioi_bsp/IO_intermediary/include -I/home/controls/TAIGA-Pallavi/Rotary-Inverted-Pendulum-Zed/Rotary-Inverted-Pendulum-Zed.sdk/global_includes -c -fmessage-length=0 -MT"src/utilities/axi_uart.o" -mno-xl-reorder -mlittle-endian -mxl-barrel-shift -mcpu=v9.5 -mxl-soft-mul -mhard-float -Wl,--no-relax -MMD -MP -MF"src/utilities/axi_uart.d" -MT"src/utilities/axi_uart.d" -o "src/utilities/axi_uart.o" "../src/utilities/axi_uart.c"
Finished building: ../src/utilities/axi_uart.c
 
Building file: ../src/utilities/fifo_queue_wdt.c
Invoking: MicroBlaze gcc compiler
mb-gcc -Wall -O0 -g3 -I../../app_ioi_bsp/IO_intermediary/include -I/home/controls/TAIGA-Pallavi/Rotary-Inverted-Pendulum-Zed/Rotary-Inverted-Pendulum-Zed.sdk/global_includes -c -fmessage-length=0 -MT"src/utilities/fifo_queue_wdt.o" -mno-xl-reorder -mlittle-endian -mxl-barrel-shift -mcpu=v9.5 -mxl-soft-mul -mhard-float -Wl,--no-relax -MMD -MP -MF"src/utilities/fifo_queue_wdt.d" -MT"src/utilities/fifo_queue_wdt.d" -o "src/utilities/fifo_queue_wdt.o" "../src/utilities/fifo_queue_wdt.c"
../src/utilities/fifo_queue_wdt.c:22:8: warning: type defaults to 'int' in declaration of 'wdt_expired_flag' [-Wimplicit-int]
 static wdt_expired_flag = false;
        ^
../src/utilities/fifo_queue_wdt.c: In function 'dequeue_handler':
../src/utilities/fifo_queue_wdt.c:193:3: warning: implicit declaration of function 'ioi_handler' [-Wimplicit-function-declaration]
   ioi_handler(newPacket);
   ^
Finished building: ../src/utilities/fifo_queue_wdt.c
 
Building file: ../src/utilities/interrupt_controller.c
Invoking: MicroBlaze gcc compiler
mb-gcc -Wall -O0 -g3 -I../../app_ioi_bsp/IO_intermediary/include -I/home/controls/TAIGA-Pallavi/Rotary-Inverted-Pendulum-Zed/Rotary-Inverted-Pendulum-Zed.sdk/global_includes -c -fmessage-length=0 -MT"src/utilities/interrupt_controller.o" -mno-xl-reorder -mlittle-endian -mxl-barrel-shift -mcpu=v9.5 -mxl-soft-mul -mhard-float -Wl,--no-relax -MMD -MP -MF"src/utilities/interrupt_controller.d" -MT"src/utilities/interrupt_controller.d" -o "src/utilities/interrupt_controller.o" "../src/utilities/interrupt_controller.c"
Finished building: ../src/utilities/interrupt_controller.c
 
Building file: ../src/ioi_handler.c
Invoking: MicroBlaze gcc compiler
mb-gcc -Wall -O0 -g3 -I../../app_ioi_bsp/IO_intermediary/include -I/home/controls/TAIGA-Pallavi/Rotary-Inverted-Pendulum-Zed/Rotary-Inverted-Pendulum-Zed.sdk/global_includes -c -fmessage-length=0 -MT"src/ioi_handler.o" -mno-xl-reorder -mlittle-endian -mxl-barrel-shift -mcpu=v9.5 -mxl-soft-mul -mhard-float -Wl,--no-relax -MMD -MP -MF"src/ioi_handler.d" -MT"src/ioi_handler.d" -o "src/ioi_handler.o" "../src/ioi_handler.c"
../src/ioi_handler.c: In function 'ioi_handler':
../src/ioi_handler.c:38:21: warning: passing argument 1 of 'get_state_vector' from incompatible pointer type
    get_state_vector(returnData);
                     ^
In file included from ../src/ioi_handler.h:11:0,
                 from ../src/ioi_handler.c:8:
../src/pendulum_control.h:35:6: note: expected 'u32 *' but argument is of type 'unsigned int *'
 void get_state_vector(u32* buffer);
      ^
Finished building: ../src/ioi_handler.c
 
Building file: ../src/main_ioi.c
Invoking: MicroBlaze gcc compiler
mb-gcc -Wall -O0 -g3 -I../../app_ioi_bsp/IO_intermediary/include -I/home/controls/TAIGA-Pallavi/Rotary-Inverted-Pendulum-Zed/Rotary-Inverted-Pendulum-Zed.sdk/global_includes -c -fmessage-length=0 -MT"src/main_ioi.o" -mno-xl-reorder -mlittle-endian -mxl-barrel-shift -mcpu=v9.5 -mxl-soft-mul -mhard-float -Wl,--no-relax -MMD -MP -MF"src/main_ioi.d" -MT"src/main_ioi.d" -o "src/main_ioi.o" "../src/main_ioi.c"
../src/main_ioi.c: In function 'main':
../src/main_ioi.c:99:3: warning: implicit declaration of function 'supervisor_update_set_point' [-Wimplicit-function-declaration]
   supervisor_update_set_point();
   ^
Finished building: ../src/main_ioi.c
 
Building file: ../src/pendulum_control.c
Invoking: MicroBlaze gcc compiler
mb-gcc -Wall -O0 -g3 -I../../app_ioi_bsp/IO_intermediary/include -I/home/controls/TAIGA-Pallavi/Rotary-Inverted-Pendulum-Zed/Rotary-Inverted-Pendulum-Zed.sdk/global_includes -c -fmessage-length=0 -MT"src/pendulum_control.o" -mno-xl-reorder -mlittle-endian -mxl-barrel-shift -mcpu=v9.5 -mxl-soft-mul -mhard-float -Wl,--no-relax -MMD -MP -MF"src/pendulum_control.d" -MT"src/pendulum_control.d" -o "src/pendulum_control.o" "../src/pendulum_control.c"
Finished building: ../src/pendulum_control.c
 
Building file: ../src/supervisory_communication.c
Invoking: MicroBlaze gcc compiler
mb-gcc -Wall -O0 -g3 -I../../app_ioi_bsp/IO_intermediary/include -I/home/controls/TAIGA-Pallavi/Rotary-Inverted-Pendulum-Zed/Rotary-Inverted-Pendulum-Zed.sdk/global_includes -c -fmessage-length=0 -MT"src/supervisory_communication.o" -mno-xl-reorder -mlittle-endian -mxl-barrel-shift -mcpu=v9.5 -mxl-soft-mul -mhard-float -Wl,--no-relax -MMD -MP -MF"src/supervisory_communication.d" -MT"src/supervisory_communication.d" -o "src/supervisory_communication.o" "../src/supervisory_communication.c"
../src/supervisory_communication.c: In function 'supervisor_update_set_point':
../src/supervisory_communication.c:59:5: warning: implicit declaration of function 'set_set_point' [-Wimplicit-function-declaration]
     set_set_point(setPoint);
     ^
Finished building: ../src/supervisory_communication.c
 
Building file: ../src/trigger_mechanisms.c
Invoking: MicroBlaze gcc compiler
mb-gcc -Wall -O0 -g3 -I../../app_ioi_bsp/IO_intermediary/include -I/home/controls/TAIGA-Pallavi/Rotary-Inverted-Pendulum-Zed/Rotary-Inverted-Pendulum-Zed.sdk/global_includes -c -fmessage-length=0 -MT"src/trigger_mechanisms.o" -mno-xl-reorder -mlittle-endian -mxl-barrel-shift -mcpu=v9.5 -mxl-soft-mul -mhard-float -Wl,--no-relax -MMD -MP -MF"src/trigger_mechanisms.d" -MT"src/trigger_mechanisms.d" -o "src/trigger_mechanisms.o" "../src/trigger_mechanisms.c"
../src/trigger_mechanisms.c: In function 'prediction_trigger_mechanism':
../src/trigger_mechanisms.c:31:15: warning: unused variable 'delThetaR' [-Wunused-variable]
  static float delThetaR;
               ^
../src/trigger_mechanisms.c:24:21: warning: unused variable 'C' [-Wunused-variable]
  static const float C[2][4] =  {
                     ^
Finished building: ../src/trigger_mechanisms.c
 
Building target: app_ioi.elf
Invoking: MicroBlaze gcc linker
mb-gcc -Wl,-T -Wl,../src/lscript.ld -L../../app_ioi_bsp/IO_intermediary/lib -mlittle-endian -mxl-barrel-shift -mcpu=v9.5 -mxl-soft-mul -mhard-float -Wl,--no-relax -o "app_ioi.elf"  ./src/utilities/axi_gpio.o ./src/utilities/axi_spi.o ./src/utilities/axi_uart.o ./src/utilities/fifo_queue_wdt.o ./src/utilities/interrupt_controller.o  ./src/ioi_handler.o ./src/main_ioi.o ./src/pendulum_control.o ./src/supervisory_communication.o ./src/trigger_mechanisms.o   -Wl,--start-group,-lxil,-lgcc,-lc,--end-group
Finished building target: app_ioi.elf
 
Invoking: MicroBlaze Print Size
mb-size app_ioi.elf  |tee "app_ioi.elf.size"
   text	   data	    bss	    dec	    hex	filename
  47656	    472	   2768	  50896	   c6d0	app_ioi.elf
Finished building: app_ioi.elf.size
 
15:04:28 **** Build of project app_backup_bsp ****
make -k all 
Running Make include in backup_controller/libsrc/bram_v4_0/src
make -C backup_controller/libsrc/bram_v4_0/src -s include  "SHELL=/bin/sh" "COMPILER=mb-gcc" "ARCHIVER=mb-ar" "COMPILER_FLAGS= -O2 -c -mcpu=v9.5 -mhard-float -mlittle-endian -mno-xl-reorder -mxl-barrel-shift -mxl-soft-mul" "EXTRA_COMPILER_FLAGS=-g"
Running Make include in backup_controller/libsrc/cpu_v2_3/src
make -C backup_controller/libsrc/cpu_v2_3/src -s include  "SHELL=/bin/sh" "COMPILER=mb-gcc" "ARCHIVER=mb-ar" "COMPILER_FLAGS= -O2 -c -mcpu=v9.5 -mhard-float -mlittle-endian -mno-xl-reorder -mxl-barrel-shift -mxl-soft-mul" "EXTRA_COMPILER_FLAGS=-g"
Running Make include in backup_controller/libsrc/gpio_v4_0/src
make -C backup_controller/libsrc/gpio_v4_0/src -s include  "SHELL=/bin/sh" "COMPILER=mb-gcc" "ARCHIVER=mb-ar" "COMPILER_FLAGS= -O2 -c -mcpu=v9.5 -mhard-float -mlittle-endian -mno-xl-reorder -mxl-barrel-shift -mxl-soft-mul" "EXTRA_COMPILER_FLAGS=-g"
Running Make include in backup_controller/libsrc/intc_v3_3/src
make -C backup_controller/libsrc/intc_v3_3/src -s include  "SHELL=/bin/sh" "COMPILER=mb-gcc" "ARCHIVER=mb-ar" "COMPILER_FLAGS= -O2 -c -mcpu=v9.5 -mhard-float -mlittle-endian -mno-xl-reorder -mxl-barrel-shift -mxl-soft-mul" "EXTRA_COMPILER_FLAGS=-g"
Running Make include in backup_controller/libsrc/llfifo_v4_0/src
make -C backup_controller/libsrc/llfifo_v4_0/src -s include  "SHELL=/bin/sh" "COMPILER=mb-gcc" "ARCHIVER=mb-ar" "COMPILER_FLAGS= -O2 -c -mcpu=v9.5 -mhard-float -mlittle-endian -mno-xl-reorder -mxl-barrel-shift -mxl-soft-mul" "EXTRA_COMPILER_FLAGS=-g"
Running Make include in backup_controller/libsrc/standalone_v5_00/src
make -C backup_controller/libsrc/standalone_v5_00/src -s include  "SHELL=/bin/sh" "COMPILER=mb-gcc" "ARCHIVER=mb-ar" "COMPILER_FLAGS= -O2 -c -mcpu=v9.5 -mhard-float -mlittle-endian -mno-xl-reorder -mxl-barrel-shift -mxl-soft-mul" "EXTRA_COMPILER_FLAGS=-g"
Running Make include in backup_controller/libsrc/tmrctr_v3_0/src
make -C backup_controller/libsrc/tmrctr_v3_0/src -s include  "SHELL=/bin/sh" "COMPILER=mb-gcc" "ARCHIVER=mb-ar" "COMPILER_FLAGS= -O2 -c -mcpu=v9.5 -mhard-float -mlittle-endian -mno-xl-reorder -mxl-barrel-shift -mxl-soft-mul" "EXTRA_COMPILER_FLAGS=-g"
Running Make libs in backup_controller/libsrc/bram_v4_0/src
make -C backup_controller/libsrc/bram_v4_0/src -s libs  "SHELL=/bin/sh" "COMPILER=mb-gcc" "ARCHIVER=mb-ar" "COMPILER_FLAGS= -O2 -c -mcpu=v9.5 -mhard-float -mlittle-endian -mno-xl-reorder -mxl-barrel-shift -mxl-soft-mul" "EXTRA_COMPILER_FLAGS=-g"
Compiling bram
mb-ar: creating ../../../lib/libxil.a
Running Make libs in backup_controller/libsrc/cpu_v2_3/src
make -C backup_controller/libsrc/cpu_v2_3/src -s libs  "SHELL=/bin/sh" "COMPILER=mb-gcc" "ARCHIVER=mb-ar" "COMPILER_FLAGS= -O2 -c -mcpu=v9.5 -mhard-float -mlittle-endian -mno-xl-reorder -mxl-barrel-shift -mxl-soft-mul" "EXTRA_COMPILER_FLAGS=-g"
Compiling cpu
Running Make libs in backup_controller/libsrc/gpio_v4_0/src
make -C backup_controller/libsrc/gpio_v4_0/src -s libs  "SHELL=/bin/sh" "COMPILER=mb-gcc" "ARCHIVER=mb-ar" "COMPILER_FLAGS= -O2 -c -mcpu=v9.5 -mhard-float -mlittle-endian -mno-xl-reorder -mxl-barrel-shift -mxl-soft-mul" "EXTRA_COMPILER_FLAGS=-g"
Compiling gpio
Running Make libs in backup_controller/libsrc/intc_v3_3/src
make -C backup_controller/libsrc/intc_v3_3/src -s libs  "SHELL=/bin/sh" "COMPILER=mb-gcc" "ARCHIVER=mb-ar" "COMPILER_FLAGS= -O2 -c -mcpu=v9.5 -mhard-float -mlittle-endian -mno-xl-reorder -mxl-barrel-shift -mxl-soft-mul" "EXTRA_COMPILER_FLAGS=-g"
Compiling intc
Running Make libs in backup_controller/libsrc/llfifo_v4_0/src
make -C backup_controller/libsrc/llfifo_v4_0/src -s libs  "SHELL=/bin/sh" "COMPILER=mb-gcc" "ARCHIVER=mb-ar" "COMPILER_FLAGS= -O2 -c -mcpu=v9.5 -mhard-float -mlittle-endian -mno-xl-reorder -mxl-barrel-shift -mxl-soft-mul" "EXTRA_COMPILER_FLAGS=-g"
Compiling llfifo
Running Make libs in backup_controller/libsrc/standalone_v5_00/src
make -C backup_controller/libsrc/standalone_v5_00/src -s libs  "SHELL=/bin/sh" "COMPILER=mb-gcc" "ARCHIVER=mb-ar" "COMPILER_FLAGS= -O2 -c -mcpu=v9.5 -mhard-float -mlittle-endian -mno-xl-reorder -mxl-barrel-shift -mxl-soft-mul" "EXTRA_COMPILER_FLAGS=-g"
Compiling standalone
Running Make libs in backup_controller/libsrc/tmrctr_v3_0/src
make -C backup_controller/libsrc/tmrctr_v3_0/src -s libs  "SHELL=/bin/sh" "COMPILER=mb-gcc" "ARCHIVER=mb-ar" "COMPILER_FLAGS= -O2 -c -mcpu=v9.5 -mhard-float -mlittle-endian -mno-xl-reorder -mxl-barrel-shift -mxl-soft-mul" "EXTRA_COMPILER_FLAGS=-g"
Compiling tmrctr
Finished building libraries

**** Build of configuration Debug for project app_backup ****

Nothing to build for project app_backup
15:05:02 **** Auto Build of configuration Debug for project app_backup ****
make all 
Building file: ../src/utilities/axi_gpio.c
Invoking: MicroBlaze gcc compiler
mb-gcc -Wall -O0 -g3 -c -fmessage-length=0 -MT"src/utilities/axi_gpio.o" -I../../app_backup_bsp/backup_controller/include -mno-xl-reorder -mlittle-endian -mxl-barrel-shift -mcpu=v9.5 -mxl-soft-mul -mhard-float -Wl,--no-relax -MMD -MP -MF"src/utilities/axi_gpio.d" -MT"src/utilities/axi_gpio.d" -o "src/utilities/axi_gpio.o" "../src/utilities/axi_gpio.c"
Finished building: ../src/utilities/axi_gpio.c
 
Building file: ../src/utilities/fifo_queue.c
Invoking: MicroBlaze gcc compiler
mb-gcc -Wall -O0 -g3 -c -fmessage-length=0 -MT"src/utilities/fifo_queue.o" -I../../app_backup_bsp/backup_controller/include -mno-xl-reorder -mlittle-endian -mxl-barrel-shift -mcpu=v9.5 -mxl-soft-mul -mhard-float -Wl,--no-relax -MMD -MP -MF"src/utilities/fifo_queue.d" -MT"src/utilities/fifo_queue.d" -o "src/utilities/fifo_queue.o" "../src/utilities/fifo_queue.c"
In file included from ../src/utilities/fifo_queue.c:7:0:
../src/utilities/fifo_queue.h:12:34: fatal error: taiga_rip_parameters.h: No such file or directory
 #include "taiga_rip_parameters.h"
                                  ^
compilation terminated.
make: *** [src/utilities/fifo_queue.o] Error 1
15:05:29 **** Clean-only build of configuration Debug for project app_backup ****
make clean 
rm -rf  ./src/utilities/axi_gpio.o ./src/utilities/fifo_queue.o  ./src/backup_controller.o ./src/main_backup.o ./src/pendulum_control.o  ./src/utilities/axi_gpio.d ./src/utilities/fifo_queue.d  ./src/backup_controller.d ./src/main_backup.d ./src/pendulum_control.d  app_backup.elf.size  app_backup.elf
 
15:05:30 **** Auto Build of configuration Debug for project app_backup ****
make all 
Building file: ../src/utilities/axi_gpio.c
Invoking: MicroBlaze gcc compiler
mb-gcc -Wall -O0 -g3 -I../../app_backup_bsp/backup_controller/include -I/home/controls/TAIGA-Pallavi/Rotary-Inverted-Pendulum-Zed/Rotary-Inverted-Pendulum-Zed.sdk/global_includes -c -fmessage-length=0 -MT"src/utilities/axi_gpio.o" -mno-xl-reorder -mlittle-endian -mxl-barrel-shift -mcpu=v9.5 -mxl-soft-mul -mhard-float -Wl,--no-relax -MMD -MP -MF"src/utilities/axi_gpio.d" -MT"src/utilities/axi_gpio.d" -o "src/utilities/axi_gpio.o" "../src/utilities/axi_gpio.c"
Finished building: ../src/utilities/axi_gpio.c
 
Building file: ../src/utilities/fifo_queue.c
Invoking: MicroBlaze gcc compiler
mb-gcc -Wall -O0 -g3 -I../../app_backup_bsp/backup_controller/include -I/home/controls/TAIGA-Pallavi/Rotary-Inverted-Pendulum-Zed/Rotary-Inverted-Pendulum-Zed.sdk/global_includes -c -fmessage-length=0 -MT"src/utilities/fifo_queue.o" -mno-xl-reorder -mlittle-endian -mxl-barrel-shift -mcpu=v9.5 -mxl-soft-mul -mhard-float -Wl,--no-relax -MMD -MP -MF"src/utilities/fifo_queue.d" -MT"src/utilities/fifo_queue.d" -o "src/utilities/fifo_queue.o" "../src/utilities/fifo_queue.c"
Finished building: ../src/utilities/fifo_queue.c
 
Building file: ../src/backup_controller.c
Invoking: MicroBlaze gcc compiler
[...]
Running Make include in ps7_cortexa9_0/libsrc/dmaps_v2_1/src
make -C ps7_cortexa9_0/libsrc/dmaps_v2_1/src -s include  "SHELL=/bin/sh" "COMPILER=arm-xilinx-eabi-gcc" "ARCHIVER=arm-xilinx-eabi-ar" "COMPILER_FLAGS=  -O2 -c" "EXTRA_COMPILER_FLAGS=-g"
Running Make include in ps7_cortexa9_0/libsrc/emacps_v3_0/src
make -C ps7_cortexa9_0/libsrc/emacps_v3_0/src -s include  "SHELL=/bin/sh" "COMPILER=arm-xilinx-eabi-gcc" "ARCHIVER=arm-xilinx-eabi-ar" "COMPILER_FLAGS=  -O2 -c" "EXTRA_COMPILER_FLAGS=-g"
Running Make include in ps7_cortexa9_0/libsrc/gpio_v4_0/src
make -C ps7_cortexa9_0/libsrc/gpio_v4_0/src -s include  "SHELL=/bin/sh" "COMPILER=arm-xilinx-eabi-gcc" "ARCHIVER=arm-xilinx-eabi-ar" "COMPILER_FLAGS=  -O2 -c" "EXTRA_COMPILER_FLAGS=-g"
Running Make include in ps7_cortexa9_0/libsrc/llfifo_v4_0/src
make -C ps7_cortexa9_0/libsrc/llfifo_v4_0/src -s include  "SHELL=/bin/sh" "COMPILER=arm-xilinx-eabi-gcc" "ARCHIVER=arm-xilinx-eabi-ar" "COMPILER_FLAGS=  -O2 -c" "EXTRA_COMPILER_FLAGS=-g"
Running Make include in ps7_cortexa9_0/libsrc/qspips_v3_2/src
make -C ps7_cortexa9_0/libsrc/qspips_v3_2/src -s include  "SHELL=/bin/sh" "COMPILER=arm-xilinx-eabi-gcc" "ARCHIVER=arm-xilinx-eabi-ar" "COMPILER_FLAGS=  -O2 -c" "EXTRA_COMPILER_FLAGS=-g"
Running Make include in ps7_cortexa9_0/libsrc/scugic_v3_0/src
make -C ps7_cortexa9_0/libsrc/scugic_v3_0/src -s include  "SHELL=/bin/sh" "COMPILER=arm-xilinx-eabi-gcc" "ARCHIVER=arm-xilinx-eabi-ar" "COMPILER_FLAGS=  -O2 -c" "EXTRA_COMPILER_FLAGS=-g"
Running Make include in ps7_cortexa9_0/libsrc/scutimer_v2_1/src
make -C ps7_cortexa9_0/libsrc/scutimer_v2_1/src -s include  "SHELL=/bin/sh" "COMPILER=arm-xilinx-eabi-gcc" "ARCHIVER=arm-xilinx-eabi-ar" "COMPILER_FLAGS=  -O2 -c" "EXTRA_COMPILER_FLAGS=-g"
Running Make include in ps7_cortexa9_0/libsrc/scuwdt_v2_1/src
make -C ps7_cortexa9_0/libsrc/scuwdt_v2_1/src -s include  "SHELL=/bin/sh" "COMPILER=arm-xilinx-eabi-gcc" "ARCHIVER=arm-xilinx-eabi-ar" "COMPILER_FLAGS=  -O2 -c" "EXTRA_COMPILER_FLAGS=-g"
Running Make include in ps7_cortexa9_0/libsrc/sdps_v2_4/src
make -C ps7_cortexa9_0/libsrc/sdps_v2_4/src -s include  "SHELL=/bin/sh" "COMPILER=arm-xilinx-eabi-gcc" "ARCHIVER=arm-xilinx-eabi-ar" "COMPILER_FLAGS=  -O2 -c" "EXTRA_COMPILER_FLAGS=-g"
Running Make include in ps7_cortexa9_0/libsrc/standalone_v5_00/src
make -C ps7_cortexa9_0/libsrc/standalone_v5_00/src -s include  "SHELL=/bin/sh" "COMPILER=arm-xilinx-eabi-gcc" "ARCHIVER=arm-xilinx-eabi-ar" "COMPILER_FLAGS=  -O2 -c" "EXTRA_COMPILER_FLAGS=-g"
Running Make include in ps7_cortexa9_0/libsrc/ttcps_v3_0/src
make -C ps7_cortexa9_0/libsrc/ttcps_v3_0/src -s include  "SHELL=/bin/sh" "COMPILER=arm-xilinx-eabi-gcc" "ARCHIVER=arm-xilinx-eabi-ar" "COMPILER_FLAGS=  -O2 -c" "EXTRA_COMPILER_FLAGS=-g"
Running Make include in ps7_cortexa9_0/libsrc/uartps_v3_0/src
make -C ps7_cortexa9_0/libsrc/uartps_v3_0/src -s include  "SHELL=/bin/sh" "COMPILER=arm-xilinx-eabi-gcc" "ARCHIVER=arm-xilinx-eabi-ar" "COMPILER_FLAGS=  -O2 -c" "EXTRA_COMPILER_FLAGS=-g"
Running Make include in ps7_cortexa9_0/libsrc/usbps_v2_2/src
make -C ps7_cortexa9_0/libsrc/usbps_v2_2/src -s include  "SHELL=/bin/sh" "COMPILER=arm-xilinx-eabi-gcc" "ARCHIVER=arm-xilinx-eabi-ar" "COMPILER_FLAGS=  -O2 -c" "EXTRA_COMPILER_FLAGS=-g"
Running Make include in ps7_cortexa9_0/libsrc/xadcps_v2_1/src
make -C ps7_cortexa9_0/libsrc/xadcps_v2_1/src -s include  "SHELL=/bin/sh" "COMPILER=arm-xilinx-eabi-gcc" "ARCHIVER=arm-xilinx-eabi-ar" "COMPILER_FLAGS=  -O2 -c" "EXTRA_COMPILER_FLAGS=-g"
Running Make libs in ps7_cortexa9_0/libsrc/coresightps_dcc_v1_0/src
make -C ps7_cortexa9_0/libsrc/coresightps_dcc_v1_0/src -s libs  "SHELL=/bin/sh" "COMPILER=arm-xilinx-eabi-gcc" "ARCHIVER=arm-xilinx-eabi-ar" "COMPILER_FLAGS=  -O2 -c" "EXTRA_COMPILER_FLAGS=-g"
Compiling coresightps_dcc
arm-xilinx-eabi-ar: creating ../../../lib/libxil.a
Running Make libs in ps7_cortexa9_0/libsrc/cpu_cortexa9_v2_1/src
make -C ps7_cortexa9_0/libsrc/cpu_cortexa9_v2_1/src -s libs  "SHELL=/bin/sh" "COMPILER=arm-xilinx-eabi-gcc" "ARCHIVER=arm-xilinx-eabi-ar" "COMPILER_FLAGS=  -O2 -c" "EXTRA_COMPILER_FLAGS=-g"
Compiling cpu_cortexa9
Running Make libs in ps7_cortexa9_0/libsrc/devcfg_v3_2/src
make -C ps7_cortexa9_0/libsrc/devcfg_v3_2/src -s libs  "SHELL=/bin/sh" "COMPILER=arm-xilinx-eabi-gcc" "ARCHIVER=arm-xilinx-eabi-ar" "COMPILER_FLAGS=  -O2 -c" "EXTRA_COMPILER_FLAGS=-g"
Compiling devcfg
Running Make libs in ps7_cortexa9_0/libsrc/dmaps_v2_1/src
make -C ps7_cortexa9_0/libsrc/dmaps_v2_1/src -s libs  "SHELL=/bin/sh" "COMPILER=arm-xilinx-eabi-gcc" "ARCHIVER=arm-xilinx-eabi-ar" "COMPILER_FLAGS=  -O2 -c" "EXTRA_COMPILER_FLAGS=-g"
Compiling dmaps
Running Make libs in ps7_cortexa9_0/libsrc/emacps_v3_0/src
make -C ps7_cortexa9_0/libsrc/emacps_v3_0/src -s libs  "SHELL=/bin/sh" "COMPILER=arm-xilinx-eabi-gcc" "ARCHIVER=arm-xilinx-eabi-ar" "COMPILER_FLAGS=  -O2 -c" "EXTRA_COMPILER_FLAGS=-g"
Compiling emacps
Running Make libs in ps7_cortexa9_0/libsrc/gpio_v4_0/src
make -C ps7_cortexa9_0/libsrc/gpio_v4_0/src -s libs  "SHELL=/bin/sh" "COMPILER=arm-xilinx-eabi-gcc" "ARCHIVER=arm-xilinx-eabi-ar" "COMPILER_FLAGS=  -O2 -c" "EXTRA_COMPILER_FLAGS=-g"
Compiling gpio
Running Make libs in ps7_cortexa9_0/libsrc/llfifo_v4_0/src
make -C ps7_cortexa9_0/libsrc/llfifo_v4_0/src -s libs  "SHELL=/bin/sh" "COMPILER=arm-xilinx-eabi-gcc" "ARCHIVER=arm-xilinx-eabi-ar" "COMPILER_FLAGS=  -O2 -c" "EXTRA_COMPILER_FLAGS=-g"
Compiling llfifo
Running Make libs in ps7_cortexa9_0/libsrc/qspips_v3_2/src
make -C ps7_cortexa9_0/libsrc/qspips_v3_2/src -s libs  "SHELL=/bin/sh" "COMPILER=arm-xilinx-eabi-gcc" "ARCHIVER=arm-xilinx-eabi-ar" "COMPILER_FLAGS=  -O2 -c" "EXTRA_COMPILER_FLAGS=-g"
Compiling qspips
Running Make libs in ps7_cortexa9_0/libsrc/scugic_v3_0/src
make -C ps7_cortexa9_0/libsrc/scugic_v3_0/src -s libs  "SHELL=/bin/sh" "COMPILER=arm-xilinx-eabi-gcc" "ARCHIVER=arm-xilinx-eabi-ar" "COMPILER_FLAGS=  -O2 -c" "EXTRA_COMPILER_FLAGS=-g"
Compiling scugic
Running Make libs in ps7_cortexa9_0/libsrc/scutimer_v2_1/src
make -C ps7_cortexa9_0/libsrc/scutimer_v2_1/src -s libs  "SHELL=/bin/sh" "COMPILER=arm-xilinx-eabi-gcc" "ARCHIVER=arm-xilinx-eabi-ar" "COMPILER_FLAGS=  -O2 -c" "EXTRA_COMPILER_FLAGS=-g"
Compiling scutimer
Running Make libs in ps7_cortexa9_0/libsrc/scuwdt_v2_1/src
make -C ps7_cortexa9_0/libsrc/scuwdt_v2_1/src -s libs  "SHELL=/bin/sh" "COMPILER=arm-xilinx-eabi-gcc" "ARCHIVER=arm-xilinx-eabi-ar" "COMPILER_FLAGS=  -O2 -c" "EXTRA_COMPILER_FLAGS=-g"
Compiling scuwdt
Running Make libs in ps7_cortexa9_0/libsrc/sdps_v2_4/src
make -C ps7_cortexa9_0/libsrc/sdps_v2_4/src -s libs  "SHELL=/bin/sh" "COMPILER=arm-xilinx-eabi-gcc" "ARCHIVER=arm-xilinx-eabi-ar" "COMPILER_FLAGS=  -O2 -c" "EXTRA_COMPILER_FLAGS=-g"
Compiling sdps
Running Make libs in ps7_cortexa9_0/libsrc/standalone_v5_00/src
make -C ps7_cortexa9_0/libsrc/standalone_v5_00/src -s libs  "SHELL=/bin/sh" "COMPILER=arm-xilinx-eabi-gcc" "ARCHIVER=arm-xilinx-eabi-ar" "COMPILER_FLAGS=  -O2 -c" "EXTRA_COMPILER_FLAGS=-g"
Compiling standalone
Running Make libs in ps7_cortexa9_0/libsrc/ttcps_v3_0/src
make -C ps7_cortexa9_0/libsrc/ttcps_v3_0/src -s libs  "SHELL=/bin/sh" "COMPILER=arm-xilinx-eabi-gcc" "ARCHIVER=arm-xilinx-eabi-ar" "COMPILER_FLAGS=  -O2 -c" "EXTRA_COMPILER_FLAGS=-g"
Compiling ttcps
Running Make libs in ps7_cortexa9_0/libsrc/uartps_v3_0/src
make -C ps7_cortexa9_0/libsrc/uartps_v3_0/src -s libs  "SHELL=/bin/sh" "COMPILER=arm-xilinx-eabi-gcc" "ARCHIVER=arm-xilinx-eabi-ar" "COMPILER_FLAGS=  -O2 -c" "EXTRA_COMPILER_FLAGS=-g"
Compiling uartps
Running Make libs in ps7_cortexa9_0/libsrc/usbps_v2_2/src
make -C ps7_cortexa9_0/libsrc/usbps_v2_2/src -s libs  "SHELL=/bin/sh" "COMPILER=arm-xilinx-eabi-gcc" "ARCHIVER=arm-xilinx-eabi-ar" "COMPILER_FLAGS=  -O2 -c" "EXTRA_COMPILER_FLAGS=-g"
Compiling usbps
Running Make libs in ps7_cortexa9_0/libsrc/xadcps_v2_1/src
make -C ps7_cortexa9_0/libsrc/xadcps_v2_1/src -s libs  "SHELL=/bin/sh" "COMPILER=arm-xilinx-eabi-gcc" "ARCHIVER=arm-xilinx-eabi-ar" "COMPILER_FLAGS=  -O2 -c" "EXTRA_COMPILER_FLAGS=-g"
Compiling xadcps
Finished building libraries
19:55:40 **** Build of configuration Debug for project uart_test_1 ****
make all 
Building file: ../src/uart_hello.c
Invoking: ARM gcc compiler
arm-xilinx-eabi-gcc -Wall -O0 -g3 -c -fmessage-length=0 -MT"src/uart_hello.o" -I../../uart_test_1_bsp/ps7_cortexa9_0/include -MMD -MP -MF"src/uart_hello.d" -MT"src/uart_hello.d" -o "src/uart_hello.o" "../src/uart_hello.c"
Finished building: ../src/uart_hello.c
 
Building target: uart_test_1.elf
Invoking: ARM gcc linker
arm-xilinx-eabi-gcc -Wl,-T -Wl,../src/lscript.ld -L../../uart_test_1_bsp/ps7_cortexa9_0/lib -o "uart_test_1.elf"  ./src/uart_hello.o   -Wl,--start-group,-lxil,-lgcc,-lc,--end-group
Finished building target: uart_test_1.elf
 
Invoking: ARM Print Size
arm-xilinx-eabi-size uart_test_1.elf  |tee "uart_test_1.elf.size"
   text	   data	    bss	    dec	    hex	filename
  19900	   1152	  22580	  43632	   aa70	uart_test_1.elf
Finished building: uart_test_1.elf.size
 
19:55:40 **** Build of project uart_test_2_bsp ****
make -k all 
Running Make include in ps7_cortexa9_0/libsrc/coresightps_dcc_v1_0/src
make -C ps7_cortexa9_0/libsrc/coresightps_dcc_v1_0/src -s include  "SHELL=/bin/sh" "COMPILER=arm-xilinx-eabi-gcc" "ARCHIVER=arm-xilinx-eabi-ar" "COMPILER_FLAGS=  -O2 -c" "EXTRA_COMPILER_FLAGS=-g"
Running Make include in ps7_cortexa9_0/libsrc/cpu_cortexa9_v2_1/src
make -C ps7_cortexa9_0/libsrc/cpu_cortexa9_v2_1/src -s include  "SHELL=/bin/sh" "COMPILER=arm-xilinx-eabi-gcc" "ARCHIVER=arm-xilinx-eabi-ar" "COMPILER_FLAGS=  -O2 -c" "EXTRA_COMPILER_FLAGS=-g"
Running Make include in ps7_cortexa9_0/libsrc/devcfg_v3_2/src
make -C ps7_cortexa9_0/libsrc/devcfg_v3_2/src -s include  "SHELL=/bin/sh" "COMPILER=arm-xilinx-eabi-gcc" "ARCHIVER=arm-xilinx-eabi-ar" "COMPILER_FLAGS=  -O2 -c" "EXTRA_COMPILER_FLAGS=-g"
Running Make include in ps7_cortexa9_0/libsrc/dmaps_v2_1/src
make -C ps7_cortexa9_0/libsrc/dmaps_v2_1/src -s include  "SHELL=/bin/sh" "COMPILER=arm-xilinx-eabi-gcc" "ARCHIVER=arm-xilinx-eabi-ar" "COMPILER_FLAGS=  -O2 -c" "EXTRA_COMPILER_FLAGS=-g"
Running Make include in ps7_cortexa9_0/libsrc/emacps_v3_0/src
make -C ps7_cortexa9_0/libsrc/emacps_v3_0/src -s include  "SHELL=/bin/sh" "COMPILER=arm-xilinx-eabi-gcc" "ARCHIVER=arm-xilinx-eabi-ar" "COMPILER_FLAGS=  -O2 -c" "EXTRA_COMPILER_FLAGS=-g"
Running Make include in ps7_cortexa9_0/libsrc/gpio_v4_0/src
make -C ps7_cortexa9_0/libsrc/gpio_v4_0/src -s include  "SHELL=/bin/sh" "COMPILER=arm-xilinx-eabi-gcc" "ARCHIVER=arm-xilinx-eabi-ar" "COMPILER_FLAGS=  -O2 -c" "EXTRA_COMPILER_FLAGS=-g"
Running Make include in ps7_cortexa9_0/libsrc/llfifo_v4_0/src
make -C ps7_cortexa9_0/libsrc/llfifo_v4_0/src -s include  "SHELL=/bin/sh" "COMPILER=arm-xilinx-eabi-gcc" "ARCHIVER=arm-xilinx-eabi-ar" "COMPILER_FLAGS=  -O2 -c" "EXTRA_COMPILER_FLAGS=-g"
Running Make include in ps7_cortexa9_0/libsrc/qspips_v3_2/src
make -C ps7_cortexa9_0/libsrc/qspips_v3_2/src -s include  "SHELL=/bin/sh" "COMPILER=arm-xilinx-eabi-gcc" "ARCHIVER=arm-xilinx-eabi-ar" "COMPILER_FLAGS=  -O2 -c" "EXTRA_COMPILER_FLAGS=-g"
Running Make include in ps7_cortexa9_0/libsrc/scugic_v3_0/src
make -C ps7_cortexa9_0/libsrc/scugic_v3_0/src -s include  "SHELL=/bin/sh" "COMPILER=arm-xilinx-eabi-gcc" "ARCHIVER=arm-xilinx-eabi-ar" "COMPILER_FLAGS=  -O2 -c" "EXTRA_COMPILER_FLAGS=-g"
Running Make include in ps7_cortexa9_0/libsrc/scutimer_v2_1/src
make -C ps7_cortexa9_0/libsrc/scutimer_v2_1/src -s include  "SHELL=/bin/sh" "COMPILER=arm-xilinx-eabi-gcc" "ARCHIVER=arm-xilinx-eabi-ar" "COMPILER_FLAGS=  -O2 -c" "EXTRA_COMPILER_FLAGS=-g"
Running Make include in ps7_cortexa9_0/libsrc/scuwdt_v2_1/src
make -C ps7_cortexa9_0/libsrc/scuwdt_v2_1/src -s include  "SHELL=/bin/sh" "COMPILER=arm-xilinx-eabi-gcc" "ARCHIVER=arm-xilinx-eabi-ar" "COMPILER_FLAGS=  -O2 -c" "EXTRA_COMPILER_FLAGS=-g"
Running Make include in ps7_cortexa9_0/libsrc/sdps_v2_4/src
make -C ps7_cortexa9_0/libsrc/sdps_v2_4/src -s include  "SHELL=/bin/sh" "COMPILER=arm-xilinx-eabi-gcc" "ARCHIVER=arm-xilinx-eabi-ar" "COMPILER_FLAGS=  -O2 -c" "EXTRA_COMPILER_FLAGS=-g"
Running Make include in ps7_cortexa9_0/libsrc/standalone_v5_00/src
make -C ps7_cortexa9_0/libsrc/standalone_v5_00/src -s include  "SHELL=/bin/sh" "COMPILER=arm-xilinx-eabi-gcc" "ARCHIVER=arm-xilinx-eabi-ar" "COMPILER_FLAGS=  -O2 -c" "EXTRA_COMPILER_FLAGS=-g"
Running Make include in ps7_cortexa9_0/libsrc/ttcps_v3_0/src
make -C ps7_cortexa9_0/libsrc/ttcps_v3_0/src -s include  "SHELL=/bin/sh" "COMPILER=arm-xilinx-eabi-gcc" "ARCHIVER=arm-xilinx-eabi-ar" "COMPILER_FLAGS=  -O2 -c" "EXTRA_COMPILER_FLAGS=-g"
Running Make include in ps7_cortexa9_0/libsrc/uartps_v3_0/src
make -C ps7_cortexa9_0/libsrc/uartps_v3_0/src -s include  "SHELL=/bin/sh" "COMPILER=arm-xilinx-eabi-gcc" "ARCHIVER=arm-xilinx-eabi-ar" "COMPILER_FLAGS=  -O2 -c" "EXTRA_COMPILER_FLAGS=-g"
Running Make include in ps7_cortexa9_0/libsrc/usbps_v2_2/src
make -C ps7_cortexa9_0/libsrc/usbps_v2_2/src -s include  "SHELL=/bin/sh" "COMPILER=arm-xilinx-eabi-gcc" "ARCHIVER=arm-xilinx-eabi-ar" "COMPILER_FLAGS=  -O2 -c" "EXTRA_COMPILER_FLAGS=-g"
Running Make include in ps7_cortexa9_0/libsrc/xadcps_v2_1/src
make -C ps7_cortexa9_0/libsrc/xadcps_v2_1/src -s include  "SHELL=/bin/sh" "COMPILER=arm-xilinx-eabi-gcc" "ARCHIVER=arm-xilinx-eabi-ar" "COMPILER_FLAGS=  -O2 -c" "EXTRA_COMPILER_FLAGS=-g"
Running Make libs in ps7_cortexa9_0/libsrc/coresightps_dcc_v1_0/src
make -C ps7_cortexa9_0/libsrc/coresightps_dcc_v1_0/src -s libs  "SHELL=/bin/sh" "COMPILER=arm-xilinx-eabi-gcc" "ARCHIVER=arm-xilinx-eabi-ar" "COMPILER_FLAGS=  -O2 -c" "EXTRA_COMPILER_FLAGS=-g"
Compiling coresightps_dcc
arm-xilinx-eabi-ar: creating ../../../lib/libxil.a
Running Make libs in ps7_cortexa9_0/libsrc/cpu_cortexa9_v2_1/src
make -C ps7_cortexa9_0/libsrc/cpu_cortexa9_v2_1/src -s libs  "SHELL=/bin/sh" "COMPILER=arm-xilinx-eabi-gcc" "ARCHIVER=arm-xilinx-eabi-ar" "COMPILER_FLAGS=  -O2 -c" "EXTRA_COMPILER_FLAGS=-g"
Compiling cpu_cortexa9
Running Make libs in ps7_cortexa9_0/libsrc/devcfg_v3_2/src
make -C ps7_cortexa9_0/libsrc/devcfg_v3_2/src -s libs  "SHELL=/bin/sh" "COMPILER=arm-xilinx-eabi-gcc" "ARCHIVER=arm-xilinx-eabi-ar" "COMPILER_FLAGS=  -O2 -c" "EXTRA_COMPILER_FLAGS=-g"
Compiling devcfg
Running Make libs in ps7_cortexa9_0/libsrc/dmaps_v2_1/src
make -C ps7_cortexa9_0/libsrc/dmaps_v2_1/src -s libs  "SHELL=/bin/sh" "COMPILER=arm-xilinx-eabi-gcc" "ARCHIVER=arm-xilinx-eabi-ar" "COMPILER_FLAGS=  -O2 -c" "EXTRA_COMPILER_FLAGS=-g"
Compiling dmaps
Running Make libs in ps7_cortexa9_0/libsrc/emacps_v3_0/src
make -C ps7_cortexa9_0/libsrc/emacps_v3_0/src -s libs  "SHELL=/bin/sh" "COMPILER=arm-xilinx-eabi-gcc" "ARCHIVER=arm-xilinx-eabi-ar" "COMPILER_FLAGS=  -O2 -c" "EXTRA_COMPILER_FLAGS=-g"
Compiling emacps
Running Make libs in ps7_cortexa9_0/libsrc/gpio_v4_0/src
make -C ps7_cortexa9_0/libsrc/gpio_v4_0/src -s libs  "SHELL=/bin/sh" "COMPILER=arm-xilinx-eabi-gcc" "ARCHIVER=arm-xilinx-eabi-ar" "COMPILER_FLAGS=  -O2 -c" "EXTRA_COMPILER_FLAGS=-g"
Compiling gpio
Running Make libs in ps7_cortexa9_0/libsrc/llfifo_v4_0/src
make -C ps7_cortexa9_0/libsrc/llfifo_v4_0/src -s libs  "SHELL=/bin/sh" "COMPILER=arm-xilinx-eabi-gcc" "ARCHIVER=arm-xilinx-eabi-ar" "COMPILER_FLAGS=  -O2 -c" "EXTRA_COMPILER_FLAGS=-g"
Compiling llfifo
Running Make libs in ps7_cortexa9_0/libsrc/qspips_v3_2/src
make -C ps7_cortexa9_0/libsrc/qspips_v3_2/src -s libs  "SHELL=/bin/sh" "COMPILER=arm-xilinx-eabi-gcc" "ARCHIVER=arm-xilinx-eabi-ar" "COMPILER_FLAGS=  -O2 -c" "EXTRA_COMPILER_FLAGS=-g"
Compiling qspips
Running Make libs in ps7_cortexa9_0/libsrc/scugic_v3_0/src
make -C ps7_cortexa9_0/libsrc/scugic_v3_0/src -s libs  "SHELL=/bin/sh" "COMPILER=arm-xilinx-eabi-gcc" "ARCHIVER=arm-xilinx-eabi-ar" "COMPILER_FLAGS=  -O2 -c" "EXTRA_COMPILER_FLAGS=-g"
Compiling scugic
Running Make libs in ps7_cortexa9_0/libsrc/scutimer_v2_1/src
make -C ps7_cortexa9_0/libsrc/scutimer_v2_1/src -s libs  "SHELL=/bin/sh" "COMPILER=arm-xilinx-eabi-gcc" "ARCHIVER=arm-xilinx-eabi-ar" "COMPILER_FLAGS=  -O2 -c" "EXTRA_COMPILER_FLAGS=-g"
Compiling scutimer
Running Make libs in ps7_cortexa9_0/libsrc/scuwdt_v2_1/src
make -C ps7_cortexa9_0/libsrc/scuwdt_v2_1/src -s libs  "SHELL=/bin/sh" "COMPILER=arm-xilinx-eabi-gcc" "ARCHIVER=arm-xilinx-eabi-ar" "COMPILER_FLAGS=  -O2 -c" "EXTRA_COMPILER_FLAGS=-g"
Compiling scuwdt
Running Make libs in ps7_cortexa9_0/libsrc/sdps_v2_4/src
make -C ps7_cortexa9_0/libsrc/sdps_v2_4/src -s libs  "SHELL=/bin/sh" "COMPILER=arm-xilinx-eabi-gcc" "ARCHIVER=arm-xilinx-eabi-ar" "COMPILER_FLAGS=  -O2 -c" "EXTRA_COMPILER_FLAGS=-g"
Compiling sdps
Running Make libs in ps7_cortexa9_0/libsrc/standalone_v5_00/src
make -C ps7_cortexa9_0/libsrc/standalone_v5_00/src -s libs  "SHELL=/bin/sh" "COMPILER=arm-xilinx-eabi-gcc" "ARCHIVER=arm-xilinx-eabi-ar" "COMPILER_FLAGS=  -O2 -c" "EXTRA_COMPILER_FLAGS=-g"
Compiling standalone
Running Make libs in ps7_cortexa9_0/libsrc/ttcps_v3_0/src
make -C ps7_cortexa9_0/libsrc/ttcps_v3_0/src -s libs  "SHELL=/bin/sh" "COMPILER=arm-xilinx-eabi-gcc" "ARCHIVER=arm-xilinx-eabi-ar" "COMPILER_FLAGS=  -O2 -c" "EXTRA_COMPILER_FLAGS=-g"
Compiling ttcps
Running Make libs in ps7_cortexa9_0/libsrc/uartps_v3_0/src
make -C ps7_cortexa9_0/libsrc/uartps_v3_0/src -s libs  "SHELL=/bin/sh" "COMPILER=arm-xilinx-eabi-gcc" "ARCHIVER=arm-xilinx-eabi-ar" "COMPILER_FLAGS=  -O2 -c" "EXTRA_COMPILER_FLAGS=-g"
Compiling uartps
Running Make libs in ps7_cortexa9_0/libsrc/usbps_v2_2/src
make -C ps7_cortexa9_0/libsrc/usbps_v2_2/src -s libs  "SHELL=/bin/sh" "COMPILER=arm-xilinx-eabi-gcc" "ARCHIVER=arm-xilinx-eabi-ar" "COMPILER_FLAGS=  -O2 -c" "EXTRA_COMPILER_FLAGS=-g"
Compiling usbps
Running Make libs in ps7_cortexa9_0/libsrc/xadcps_v2_1/src
make -C ps7_cortexa9_0/libsrc/xadcps_v2_1/src -s libs  "SHELL=/bin/sh" "COMPILER=arm-xilinx-eabi-gcc" "ARCHIVER=arm-xilinx-eabi-ar" "COMPILER_FLAGS=  -O2 -c" "EXTRA_COMPILER_FLAGS=-g"
Compiling xadcps
Finished building libraries
19:55:49 **** Build of configuration Debug for project uart_test_2 ****
make all 
Building file: ../src/uart_test2.c
Invoking: ARM gcc compiler
arm-xilinx-eabi-gcc -Wall -O0 -g3 -c -fmessage-length=0 -MT"src/uart_test2.o" -I../../uart_test_2_bsp/ps7_cortexa9_0/include -MMD -MP -MF"src/uart_test2.d" -MT"src/uart_test2.d" -o "src/uart_test2.o" "../src/uart_test2.c"
Finished building: ../src/uart_test2.c
 
Building target: uart_test_2.elf
Invoking: ARM gcc linker
arm-xilinx-eabi-gcc -Wl,-T -Wl,../src/lscript.ld -L../../uart_test_2_bsp/ps7_cortexa9_0/lib -o "uart_test_2.elf"  ./src/uart_test2.o   -Wl,--start-group,-lxil,-lgcc,-lc,--end-group
Finished building target: uart_test_2.elf
 
Invoking: ARM Print Size
arm-xilinx-eabi-size uart_test_2.elf  |tee "uart_test_2.elf.size"
   text	   data	    bss	    dec	    hex	filename
  21836	   1168	  22628	  45632	   b240	uart_test_2.elf
Finished building: uart_test_2.elf.size
 
19:55:52 **** Incremental Build of configuration Debug for project app_backup ****
make all 
make: Nothing to be done for `all'.
19:55:52 **** Incremental Build of configuration Debug for project app_cpu0 ****
make all 
make: Nothing to be done for `all'.
19:55:52 **** Incremental Build of configuration Debug for project app_ioi ****
make all 
make: Nothing to be done for `all'.
19:55:53 **** Incremental Build of configuration Debug for project app_production_new ****
make all 
make: Nothing to be done for `all'.
19:55:53 **** Incremental Build of configuration Debug for project app_production ****
make all 
make: Nothing to be done for `all'.
19:55:53 **** Incremental Build of configuration Debug for project fsbl ****
make all 
make: Nothing to be done for `all'.
19:55:54 **** Incremental Build of configuration Debug for project app_cpu1 ****
make all 
make: Nothing to be done for `all'.
19:55:54 **** Incremental Build of configuration Debug for project uart_test_1 ****
make all 
make: Nothing to be done for `all'.
19:55:54 **** Incremental Build of configuration Debug for project uart_test_2 ****
make all 
make: Nothing to be done for `all'.
